Archive member included to satisfy reference by file (symbol)

/opt/devkitpro/libctru/lib/libctru.a(console.o)
                              main.o (consoleInit)
/opt/devkitpro/libctru/lib/libctru.a(gfx.o)
                              /opt/devkitpro/libctru/lib/libctru.a(console.o) (gfxSetScreenFormat)
/opt/devkitpro/libctru/lib/libctru.a(gx.o)
                              /opt/devkitpro/libctru/lib/libctru.a(gfx.o) (gxCmdBuf)
/opt/devkitpro/libctru/lib/libctru.a(gspgpu.o)
                              /opt/devkitpro/libctru/lib/libctru.a(gfx.o) (gspInit)
/opt/devkitpro/libctru/lib/libctru.a(apt.o)
                              main.o (aptMainLoop)
/opt/devkitpro/libctru/lib/libctru.a(hid.o)
                              main.o (hidScanInput)
/opt/devkitpro/libctru/lib/libctru.a(initSystem.o)
                              /opt/devkitpro/libctru/lib/libctru.a(apt.o) (__system_retAddr)
/opt/devkitpro/libctru/lib/libctru.a(syscalls.o)
                              /opt/devkitpro/libctru/lib/libctru.a(initSystem.o) (__system_initSyscalls)
/opt/devkitpro/libctru/lib/libctru.a(allocateHeaps.o)
                              /opt/devkitpro/libctru/lib/libctru.a(initSystem.o) (__system_allocateHeaps)
/opt/devkitpro/libctru/lib/libctru.a(initArgv.o)
                              /opt/devkitpro/libctru/lib/libctru.a(initSystem.o) (__system_initArgv)
/opt/devkitpro/libctru/lib/libctru.a(svc.o)
                              /opt/devkitpro/libctru/lib/libctru.a(allocateHeaps.o) (svcControlMemory)
/opt/devkitpro/libctru/lib/libctru.a(stack_adjust.o)
                              /opt/devkitpro/devkitARM/lib/gcc/arm-none-eabi/8.1.0/../../../../arm-none-eabi/lib/armv6k/fpu/3dsx_crt0.o (initSystem)
/opt/devkitpro/libctru/lib/libctru.a(default_font.bin.o)
                              /opt/devkitpro/libctru/lib/libctru.a(console.o) (default_font_bin)
/opt/devkitpro/libctru/lib/libctru.a(vram.o)
                              /opt/devkitpro/libctru/lib/libctru.a(gfx.o) (vramAlloc)
/opt/devkitpro/libctru/lib/libctru.a(mappable.o)
                              /opt/devkitpro/libctru/lib/libctru.a(gfx.o) (mappableAlloc)
/opt/devkitpro/libctru/lib/libctru.a(linear.o)
                              /opt/devkitpro/libctru/lib/libctru.a(gfx.o) (linearAlloc)
/opt/devkitpro/libctru/lib/libctru.a(mem_pool.o)
                              /opt/devkitpro/libctru/lib/libctru.a(vram.o) (MemPool::Allocate(MemChunk&, unsigned long, int))
/opt/devkitpro/libctru/lib/libctru.a(synchronization.o)
                              /opt/devkitpro/libctru/lib/libctru.a(initSystem.o) (__sync_init)
/opt/devkitpro/libctru/lib/libctru.a(os.o)
                              /opt/devkitpro/libctru/lib/libctru.a(allocateHeaps.o) (osGetMemRegionUsed)
/opt/devkitpro/libctru/lib/libctru.a(srv.o)
                              /opt/devkitpro/libctru/lib/libctru.a(apt.o) (srvInit)
/opt/devkitpro/libctru/lib/libctru.a(thread.o)
                              /opt/devkitpro/libctru/lib/libctru.a(gspgpu.o) (threadCreate)
/opt/devkitpro/libctru/lib/libctru.a(irrst.o)
                              /opt/devkitpro/libctru/lib/libctru.a(hid.o) (irrstScanInput)
/opt/devkitpro/libctru/lib/libctru.a(srvpm.o)
                              /opt/devkitpro/libctru/lib/libctru.a(srv.o) (srvPmGetSessionHandle)
/opt/devkitpro/libctru/lib/libctru.a(ptmsysm.o)
                              /opt/devkitpro/libctru/lib/libctru.a(os.o) (ptmSysmInit)
/opt/devkitpro/libctru/lib/libctru.a(rbtree_init.o)
                              /opt/devkitpro/libctru/lib/libctru.a(vram.o) (rbtree_init)
/opt/devkitpro/libctru/lib/libctru.a(rbtree_insert.o)
                              /opt/devkitpro/libctru/lib/libctru.a(vram.o) (rbtree_insert)
/opt/devkitpro/libctru/lib/libctru.a(rbtree_rotate.o)
                              /opt/devkitpro/libctru/lib/libctru.a(rbtree_insert.o) (rbtree_rotate)
/opt/devkitpro/libctru/lib/libctru.a(rbtree_remove.o)
                              /opt/devkitpro/libctru/lib/libctru.a(vram.o) (rbtree_remove)
/opt/devkitpro/libctru/lib/libctru.a(rbtree_find.o)
                              /opt/devkitpro/libctru/lib/libctru.a(vram.o) (rbtree_find)
/opt/devkitpro/libctru/lib/libctru.a(appInit.o)
                              /opt/devkitpro/libctru/lib/libctru.a(stack_adjust.o) (__appInit)
/opt/devkitpro/libctru/lib/libctru.a(appExit.o)
                              /opt/devkitpro/libctru/lib/libctru.a(stack_adjust.o) (__appExit)
/opt/devkitpro/libctru/lib/libctru.a(ctru_exit.o)
                              /opt/devkitpro/libctru/lib/libctru.a(stack_adjust.o) (__libctru_exit)
/opt/devkitpro/libctru/lib/libctru.a(env.o)
                              /opt/devkitpro/libctru/lib/libctru.a(srv.o) (envGetHandle)
/opt/devkitpro/libctru/lib/libctru.a(sdmc_dev.o)
                              /opt/devkitpro/libctru/lib/libctru.a(appInit.o) (sdmcInit)
/opt/devkitpro/libctru/lib/libctru.a(fs.o)
                              /opt/devkitpro/libctru/lib/libctru.a(appInit.o) (fsInit)
[...]
Memory Configuration

Name             Origin             Length             Attributes
*default*        0x0000000000000000 0xffffffffffffffff

Linker script and memory map

                0x0000000000100000                PROVIDE (__start__ = 0x100000)
                0x0000000000100000                . = __start__

.text           0x0000000000100000    0x1c3b0
 *(.crt0)
 .crt0          0x0000000000100000       0x94 /opt/devkitpro/devkitARM/lib/gcc/arm-none-eabi/8.1.0/../../../../arm-none-eabi/lib/armv6k/fpu/3dsx_crt0.o
                0x0000000000100000                _start
                0x0000000000100008                __service_ptr
                0x000000000010000c                __apt_appid
                0x0000000000100010                __heap_size
                0x0000000000100014                __linear_heap_size
                0x0000000000100018                __system_arglist
                0x000000000010001c                __system_runflags
 *(.init)
 .init          0x0000000000100094        0xc /opt/devkitpro/devkitARM/lib/gcc/arm-none-eabi/8.1.0/armv6k/fpu/crti.o
                0x0000000000100094                _init
 .init          0x00000000001000a0        0xc /opt/devkitpro/devkitARM/lib/gcc/arm-none-eabi/8.1.0/armv6k/fpu/crtn.o
                0x00000000001000ac                . = ALIGN (0x4)
 *(.text)
 .text          0x00000000001000ac       0x64 /opt/devkitpro/libctru/lib/libctru.a(stack_adjust.o)
                0x00000000001000ac                initSystem
                0x00000000001000f0                __ctru_exit
 .text          0x0000000000100110      0x240 /opt/devkitpro/devkitARM/lib/gcc/arm-none-eabi/8.1.0/armv6k/fpu/libgcc.a(_divsi3.o)
                0x0000000000100110                __aeabi_idiv
                0x0000000000100110                __divsi3
                0x0000000000100330                __aeabi_idivmod
 .text          0x0000000000100350        0x4 /opt/devkitpro/devkitARM/lib/gcc/arm-none-eabi/8.1.0/armv6k/fpu/libgcc.a(_dvmd_tls.o)
                0x0000000000100350                __aeabi_ldiv0
                0x0000000000100350                __aeabi_idiv0
 .text          0x0000000000100354       0x3c /opt/devkitpro/devkitARM/lib/gcc/arm-none-eabi/8.1.0/armv6k/fpu/libgcc.a(_aeabi_uldivmod.o)
                0x0000000000100354                __aeabi_uldivmod
 *fill*         0x0000000000100390       0x10 
 .text          0x00000000001003a0      0x390 /opt/devkitpro/devkitARM/lib/gcc/arm-none-eabi/8.1.0/../../../../arm-none-eabi/lib/armv6k/fpu/libg.a(lib_a-strcmp.o)
                0x00000000001003a8                strcmp
 .text          0x0000000000100730      0x20c /opt/devkitpro/devkitARM/lib/gcc/arm-none-eabi/8.1.0/armv6k/fpu/libgcc.a(_udivsi3.o)
                0x0000000000100730                __udivsi3
                0x0000000000100730                __aeabi_uidiv
                0x000000000010091c                __aeabi_uidivmod
 *(.text.*)
 .text.deregister_tm_clones
                0x000000000010093c       0x2c /opt/devkitpro/devkitARM/lib/gcc/arm-none-eabi/8.1.0/armv6k/fpu/crtbegin.o
 .text.register_tm_clones
                0x0000000000100968       0x38 /opt/devkitpro/devkitARM/lib/gcc/arm-none-eabi/8.1.0/armv6k/fpu/crtbegin.o
 .text.__do_global_dtors_aux
                0x00000000001009a0       0x44 /opt/devkitpro/devkitARM/lib/gcc/arm-none-eabi/8.1.0/armv6k/fpu/crtbegin.o
 .text.frame_dummy
                0x00000000001009e4       0x34 /opt/devkitpro/devkitARM/lib/gcc/arm-none-eabi/8.1.0/armv6k/fpu/crtbegin.o
 .text.startup  0x0000000000100a18      0x1fc main.o
                0x0000000000100a18                main
 .text.consoleDrawChar
                0x0000000000100c14      0x1b8 /opt/devkitpro/libctru/lib/libctru.a(console.o)
                0x0000000000100c14                consoleDrawChar
 .text.consolePrintChar
                0x0000000000100dcc      0x124 /opt/devkitpro/libctru/lib/libctru.a(console.o)
                0x0000000000100dcc                consolePrintChar
 .text.consoleCls
                0x0000000000100ef0      0x164 /opt/devkitpro/libctru/lib/libctru.a(console.o)
 .text.consoleInit
                0x0000000000101054      0x104 /opt/devkitpro/libctru/lib/libctru.a(console.o)
                0x0000000000101054                consoleInit
 .text.consoleClearLine
                0x0000000000101158      0x114 /opt/devkitpro/libctru/lib/libctru.a(console.o)
 .text.newRow   0x000000000010126c       0xc4 /opt/devkitpro/libctru/lib/libctru.a(console.o)
 .text.con_write
                0x0000000000101330      0x7b8 /opt/devkitpro/libctru/lib/libctru.a(console.o)
                0x0000000000101330                con_write
 .text.gfxSetFramebufferInfo.part.0
                0x0000000000101ae8       0x8c /opt/devkitpro/libctru/lib/libctru.a(gfx.o)
 .text.gfxSetFramebufferInfo
                0x0000000000101b74       0x6c /opt/devkitpro/libctru/lib/libctru.a(gfx.o)
 .text.gfxGetFramebuffer.part.1
                0x0000000000101be0       0x58 /opt/devkitpro/libctru/lib/libctru.a(gfx.o)
 .text.__get_bytes_per_pixel
                0x0000000000101c38       0x18 /opt/devkitpro/libctru/lib/libctru.a(gfx.o)
                0x0000000000101c38                __get_bytes_per_pixel
 .text.gfxSetScreenFormat
                0x0000000000101c50      0x184 /opt/devkitpro/libctru/lib/libctru.a(gfx.o)
                0x0000000000101c50                gfxSetScreenFormat
 .text.gfxSetDoubleBuffering
                0x0000000000101dd4       0x10 /opt/devkitpro/libctru/lib/libctru.a(gfx.o)
                0x0000000000101dd4                gfxSetDoubleBuffering
 .text.gfxInit  0x0000000000101de4      0x210 /opt/devkitpro/libctru/lib/libctru.a(gfx.o)
                0x0000000000101de4                gfxInit
 .text.gfxInitDefault
                0x0000000000101ff4       0x10 /opt/devkitpro/libctru/lib/libctru.a(gfx.o)
                0x0000000000101ff4                gfxInitDefault
 .text.gfxExit  0x0000000000102004       0xe0 /opt/devkitpro/libctru/lib/libctru.a(gfx.o)
                0x0000000000102004                gfxExit
 .text.gfxGetFramebuffer
                0x00000000001020e4       0x60 /opt/devkitpro/libctru/lib/libctru.a(gfx.o)
                0x00000000001020e4                gfxGetFramebuffer
 .text.gfxFlushBuffers
                0x0000000000102144       0xcc /opt/devkitpro/libctru/lib/libctru.a(gfx.o)
                0x0000000000102144                gfxFlushBuffers
 .text.gfxConfigScreen
                0x0000000000102210       0xf8 /opt/devkitpro/libctru/lib/libctru.a(gfx.o)
                0x0000000000102210                gfxConfigScreen
 .text.gfxSwapBuffers
                0x0000000000102308       0x20 /opt/devkitpro/libctru/lib/libctru.a(gfx.o)
                0x0000000000102308                gfxSwapBuffers
 .text.gfxSwapBuffersGpu
                0x0000000000102328       0x20 /opt/devkitpro/libctru/lib/libctru.a(gfx.o)
                0x0000000000102328                gfxSwapBuffersGpu
 .text.gspInit  0x0000000000102348       0x74 /opt/devkitpro/libctru/lib/libctru.a(gspgpu.o)
                0x0000000000102348                gspInit
 .text.gspExit  0x00000000001023bc       0x3c /opt/devkitpro/libctru/lib/libctru.a(gspgpu.o)
                0x00000000001023bc                gspExit
 .text.gspInitEventHandler
                0x00000000001023f8       0xa0 /opt/devkitpro/libctru/lib/libctru.a(gspgpu.o)
                0x00000000001023f8                gspInitEventHandler
 .text.gspExitEventHandler
                0x0000000000102498       0x40 /opt/devkitpro/libctru/lib/libctru.a(gspgpu.o)
                0x0000000000102498                gspExitEventHandler
 .text.gspWaitForEvent
                0x00000000001024d8       0x44 /opt/devkitpro/libctru/lib/libctru.a(gspgpu.o)
                0x00000000001024d8                gspWaitForEvent
 .text.gxCmdQueueInterrupt
                0x000000000010251c        0x4 /opt/devkitpro/libctru/lib/libctru.a(gspgpu.o)
                0x000000000010251c                gxCmdQueueInterrupt
 .text.gspEventThreadMain
                0x0000000000102520      0x178 /opt/devkitpro/libctru/lib/libctru.a(gspgpu.o)
 .text.GSPGPU_SetBufferSwap
                0x0000000000102698       0x6c /opt/devkitpro/libctru/lib/libctru.a(gspgpu.o)
                0x0000000000102698                GSPGPU_SetBufferSwap
 .text.GSPGPU_FlushDataCache
                0x0000000000102704       0x4c /opt/devkitpro/libctru/lib/libctru.a(gspgpu.o)
                0x0000000000102704                GSPGPU_FlushDataCache
 .text.GSPGPU_SetLcdForceBlack
                0x0000000000102750       0x34 /opt/devkitpro/libctru/lib/libctru.a(gspgpu.o)
                0x0000000000102750                GSPGPU_SetLcdForceBlack
 .text.GSPGPU_RegisterInterruptRelayQueue
                0x0000000000102784       0x64 /opt/devkitpro/libctru/lib/libctru.a(gspgpu.o)
                0x0000000000102784                GSPGPU_RegisterInterruptRelayQueue
 .text.GSPGPU_UnregisterInterruptRelayQueue
                0x00000000001027e8       0x2c /opt/devkitpro/libctru/lib/libctru.a(gspgpu.o)
                0x00000000001027e8                GSPGPU_UnregisterInterruptRelayQueue
 .text.GSPGPU_AcquireRight
                0x0000000000102814       0x48 /opt/devkitpro/libctru/lib/libctru.a(gspgpu.o)
                0x0000000000102814                GSPGPU_AcquireRight
 .text.GSPGPU_ReleaseRight
                0x000000000010285c       0x2c /opt/devkitpro/libctru/lib/libctru.a(gspgpu.o)
                0x000000000010285c                GSPGPU_ReleaseRight
 .text.GSPGPU_ImportDisplayCaptureInfo
                0x0000000000102888       0x80 /opt/devkitpro/libctru/lib/libctru.a(gspgpu.o)
                0x0000000000102888                GSPGPU_ImportDisplayCaptureInfo
 .text.GSPGPU_SaveVramSysArea
                0x0000000000102908       0x2c /opt/devkitpro/libctru/lib/libctru.a(gspgpu.o)
                0x0000000000102908                GSPGPU_SaveVramSysArea
 .text.GSPGPU_RestoreVramSysArea
                0x0000000000102934       0x2c /opt/devkitpro/libctru/lib/libctru.a(gspgpu.o)
                0x0000000000102934                GSPGPU_RestoreVramSysArea
 .text._aptDebug
                0x0000000000102960        0x4 /opt/devkitpro/libctru/lib/libctru.a(apt.o)
                0x0000000000102960                _aptDebug
 .text.aptSendCommand
                0x0000000000102964      0x170 /opt/devkitpro/libctru/lib/libctru.a(apt.o)
                0x0000000000102964                aptSendCommand
 .text.aptExitProcess
                0x0000000000102ad4       0x3c /opt/devkitpro/libctru/lib/libctru.a(apt.o)
 .text.APT_InquireNotification
                0x0000000000102b10       0x4c /opt/devkitpro/libctru/lib/libctru.a(apt.o)
                0x0000000000102b10                APT_InquireNotification
 .text.aptEventHandler
                0x0000000000102b5c      0x198 /opt/devkitpro/libctru/lib/libctru.a(apt.o)
 .text.APT_AppletUtility
                0x0000000000102cf4       0x74 /opt/devkitpro/libctru/lib/libctru.a(apt.o)
                0x0000000000102cf4                APT_AppletUtility
 .text.aptSetSleepAllowed
                0x0000000000102d68       0xb0 /opt/devkitpro/libctru/lib/libctru.a(apt.o)
                0x0000000000102d68                aptSetSleepAllowed
 .text.APT_GlanceParameter
                0x0000000000102e18       0xb0 /opt/devkitpro/libctru/lib/libctru.a(apt.o)
                0x0000000000102e18                APT_GlanceParameter
 .text.APT_ReceiveParameter
                0x0000000000102ec8       0xc4 /opt/devkitpro/libctru/lib/libctru.a(apt.o)
                0x0000000000102ec8                APT_ReceiveParameter
 .text.aptReceiveParameter.constprop.0
                0x0000000000102f8c       0xbc /opt/devkitpro/libctru/lib/libctru.a(apt.o)
 .text.aptScreenTransfer
                0x0000000000103048      0x1e0 /opt/devkitpro/libctru/lib/libctru.a(apt.o)
 .text.aptWaitForWakeUp
                0x0000000000103228      0x210 /opt/devkitpro/libctru/lib/libctru.a(apt.o)
 .text.APT_CancelParameter
                0x0000000000103438       0x70 /opt/devkitpro/libctru/lib/libctru.a(apt.o)
                0x0000000000103438                APT_CancelParameter
 .text.aptInit  0x00000000001034a8      0x25c /opt/devkitpro/libctru/lib/libctru.a(apt.o)
                0x00000000001034a8                aptInit
 .text.aptClearParamQueue
                0x0000000000103704       0x88 /opt/devkitpro/libctru/lib/libctru.a(apt.o)
 .text.aptMainLoop
                0x000000000010378c      0x208 /opt/devkitpro/libctru/lib/libctru.a(apt.o)
                0x000000000010378c                aptMainLoop
 *fill*         0x0000000000103994        0x4 
 .text.aptExit  0x0000000000103998      0x23c /opt/devkitpro/libctru/lib/libctru.a(apt.o)
                0x0000000000103998                aptExit
 .text.APT_CheckNew3DS
                0x0000000000103bd4       0x7c /opt/devkitpro/libctru/lib/libctru.a(apt.o)
                0x0000000000103bd4                APT_CheckNew3DS
 .text.hidCheckSectionUpdateTime.part.0
                0x0000000000103c50       0x28 /opt/devkitpro/libctru/lib/libctru.a(hid.o)
 .text.hidExit  0x0000000000103c78       0xd0 /opt/devkitpro/libctru/lib/libctru.a(hid.o)
                0x0000000000103c78                hidExit
 .text.hidScanInput
                0x0000000000103d48      0x210 /opt/devkitpro/libctru/lib/libctru.a(hid.o)
                0x0000000000103d48                hidScanInput
 .text.hidKeysDown
                0x0000000000103f58       0x10 /opt/devkitpro/libctru/lib/libctru.a(hid.o)
                0x0000000000103f58                hidKeysDown
 .text.HIDUSER_GetHandles
                0x0000000000103f68       0x90 /opt/devkitpro/libctru/lib/libctru.a(hid.o)
                0x0000000000103f68                HIDUSER_GetHandles
 .text.hidInit  0x0000000000103ff8      0x1a4 /opt/devkitpro/libctru/lib/libctru.a(hid.o)
                0x0000000000103ff8                hidInit
 .text.__libctru_init
                0x000000000010419c       0x38 /opt/devkitpro/libctru/lib/libctru.a(initSystem.o)
                0x000000000010419c                __libctru_init
 .text.__ctru_get_reent
                0x00000000001041d4       0x30 /opt/devkitpro/libctru/lib/libctru.a(syscalls.o)
 .text.__system_initSyscalls
                0x0000000000104204       0xe8 /opt/devkitpro/libctru/lib/libctru.a(syscalls.o)
                0x0000000000104204                __system_initSyscalls
 .text.__system_allocateHeaps
                0x00000000001042ec      0x104 /opt/devkitpro/libctru/lib/libctru.a(allocateHeaps.o)
                0x00000000001042ec                __system_allocateHeaps
 .text.__system_initArgv
                0x00000000001043f0       0xf0 /opt/devkitpro/libctru/lib/libctru.a(initArgv.o)
                0x00000000001043f0                __system_initArgv
 .text.svcControlMemory
                0x00000000001044e0       0x20 /opt/devkitpro/libctru/lib/libctru.a(svc.o)
                0x00000000001044e0                svcControlMemory
 .text.svcExitProcess
                0x0000000000104500        0x8 /opt/devkitpro/libctru/lib/libctru.a(svc.o)
                0x0000000000104500                svcExitProcess
 .text.svcCreateThread
                0x0000000000104508       0x20 /opt/devkitpro/libctru/lib/libctru.a(svc.o)
                0x0000000000104508                svcCreateThread
 .text.svcExitThread
                0x0000000000104528        0x8 /opt/devkitpro/libctru/lib/libctru.a(svc.o)
                0x0000000000104528                svcExitThread
 .text.svcSleepThread
                0x0000000000104530        0x8 /opt/devkitpro/libctru/lib/libctru.a(svc.o)
                0x0000000000104530                svcSleepThread
 .text.svcReleaseMutex
                0x0000000000104538        0x8 /opt/devkitpro/libctru/lib/libctru.a(svc.o)
                0x0000000000104538                svcReleaseMutex
 .text.svcCreateEvent
                0x0000000000104540       0x14 /opt/devkitpro/libctru/lib/libctru.a(svc.o)
                0x0000000000104540                svcCreateEvent
 .text.svcSignalEvent
                0x0000000000104554        0x8 /opt/devkitpro/libctru/lib/libctru.a(svc.o)
                0x0000000000104554                svcSignalEvent
 .text.svcClearEvent
                0x000000000010455c        0x8 /opt/devkitpro/libctru/lib/libctru.a(svc.o)
                0x000000000010455c                svcClearEvent
 .text.svcMapMemoryBlock
                0x0000000000104564        0x8 /opt/devkitpro/libctru/lib/libctru.a(svc.o)
                0x0000000000104564                svcMapMemoryBlock
 .text.svcUnmapMemoryBlock
                0x000000000010456c        0x8 /opt/devkitpro/libctru/lib/libctru.a(svc.o)
                0x000000000010456c                svcUnmapMemoryBlock
 .text.svcCreateAddressArbiter
                0x0000000000104574       0x14 /opt/devkitpro/libctru/lib/libctru.a(svc.o)
                0x0000000000104574                svcCreateAddressArbiter
 .text.svcArbitrateAddress
                0x0000000000104588       0x18 /opt/devkitpro/libctru/lib/libctru.a(svc.o)
                0x0000000000104588                svcArbitrateAddress
 .text.svcCloseHandle
                0x00000000001045a0        0x8 /opt/devkitpro/libctru/lib/libctru.a(svc.o)
                0x00000000001045a0                svcCloseHandle
 .text.svcWaitSynchronization
                0x00000000001045a8        0x8 /opt/devkitpro/libctru/lib/libctru.a(svc.o)
                0x00000000001045a8                svcWaitSynchronization
 .text.svcWaitSynchronizationN
                0x00000000001045b0       0x28 /opt/devkitpro/libctru/lib/libctru.a(svc.o)
                0x00000000001045b0                svcWaitSynchronizationN
 .text.svcDuplicateHandle
                0x00000000001045d8       0x14 /opt/devkitpro/libctru/lib/libctru.a(svc.o)
                0x00000000001045d8                svcDuplicateHandle
 .text.svcGetSystemTick
                0x00000000001045ec        0x8 /opt/devkitpro/libctru/lib/libctru.a(svc.o)
                0x00000000001045ec                svcGetSystemTick
 .text.svcGetSystemInfo
                0x00000000001045f4       0x18 /opt/devkitpro/libctru/lib/libctru.a(svc.o)
                0x00000000001045f4                svcGetSystemInfo
 .text.svcConnectToPort
                0x000000000010460c       0x14 /opt/devkitpro/libctru/lib/libctru.a(svc.o)
                0x000000000010460c                svcConnectToPort
 .text.svcSendSyncRequest
                0x0000000000104620        0x8 /opt/devkitpro/libctru/lib/libctru.a(svc.o)
                0x0000000000104620                svcSendSyncRequest
 .text.svcBreak
                0x0000000000104628        0x8 /opt/devkitpro/libctru/lib/libctru.a(svc.o)
                0x0000000000104628                svcBreak
 .text._ZL21addrMapNodeComparatorPK11rbtree_nodeS1_
                0x0000000000104630       0x24 /opt/devkitpro/libctru/lib/libctru.a(vram.o)
 .text._ZL21addrMapNodeDestructorP11rbtree_node
                0x0000000000104654        0x4 /opt/devkitpro/libctru/lib/libctru.a(vram.o)
 .text.vramMemAlign
                0x0000000000104658      0x110 /opt/devkitpro/libctru/lib/libctru.a(vram.o)
                0x0000000000104658                vramMemAlign
 .text.vramAlloc
                0x0000000000104768        0x8 /opt/devkitpro/libctru/lib/libctru.a(vram.o)
                0x0000000000104768                vramAlloc
 .text.vramFree
                0x0000000000104770       0x50 /opt/devkitpro/libctru/lib/libctru.a(vram.o)
                0x0000000000104770                vramFree
 .text._ZL21addrMapNodeComparatorPK11rbtree_nodeS1_
                0x00000000001047c0       0x24 /opt/devkitpro/libctru/lib/libctru.a(mappable.o)
 .text._ZL21addrMapNodeDestructorP11rbtree_node
                0x00000000001047e4        0x4 /opt/devkitpro/libctru/lib/libctru.a(mappable.o)
 .text.mappableAlloc
                0x00000000001047e8       0xe4 /opt/devkitpro/libctru/lib/libctru.a(mappable.o)
                0x00000000001047e8                mappableAlloc
 .text.mappableFree
                0x00000000001048cc       0x50 /opt/devkitpro/libctru/lib/libctru.a(mappable.o)
                0x00000000001048cc                mappableFree
 .text._ZL21addrMapNodeComparatorPK11rbtree_nodeS1_
                0x000000000010491c       0x24 /opt/devkitpro/libctru/lib/libctru.a(linear.o)
 .text._ZL21addrMapNodeDestructorP11rbtree_node
                0x0000000000104940        0x4 /opt/devkitpro/libctru/lib/libctru.a(linear.o)
 .text.linearMemAlign
                0x0000000000104944      0x11c /opt/devkitpro/libctru/lib/libctru.a(linear.o)
                0x0000000000104944                linearMemAlign
 .text.linearAlloc
                0x0000000000104a60        0x8 /opt/devkitpro/libctru/lib/libctru.a(linear.o)
                0x0000000000104a60                linearAlloc
 .text.linearFree
                0x0000000000104a68       0x50 /opt/devkitpro/libctru/lib/libctru.a(linear.o)
                0x0000000000104a68                linearFree
 .text._ZN7MemPool13CoalesceRightEP8MemBlock
                0x0000000000104ab8       0x90 /opt/devkitpro/libctru/lib/libctru.a(mem_pool.o)
                0x0000000000104ab8                MemPool::CoalesceRight(MemBlock*)
 .text._ZN7MemPool8AllocateER8MemChunkmi
                0x0000000000104b48      0x174 /opt/devkitpro/libctru/lib/libctru.a(mem_pool.o)
                0x0000000000104b48                MemPool::Allocate(MemChunk&, unsigned long, int)
 .text._ZN7MemPool10DeallocateERK8MemChunk
                0x0000000000104cbc       0xfc /opt/devkitpro/libctru/lib/libctru.a(mem_pool.o)
                0x0000000000104cbc                MemPool::Deallocate(MemChunk const&)
 .text.LightLock_Unlock.part.1
                0x0000000000104db8       0x38 /opt/devkitpro/libctru/lib/libctru.a(synchronization.o)
 .text.__sync_init
                0x0000000000104df0        0xc /opt/devkitpro/libctru/lib/libctru.a(synchronization.o)
                0x0000000000104df0                __sync_init
 .text.__sync_fini
                0x0000000000104dfc       0x18 /opt/devkitpro/libctru/lib/libctru.a(synchronization.o)
                0x0000000000104dfc                __sync_fini
 .text.__sync_get_arbiter
                0x0000000000104e14       0x10 /opt/devkitpro/libctru/lib/libctru.a(synchronization.o)
                0x0000000000104e14                __sync_get_arbiter
 .text.LightLock_Init
                0x0000000000104e24       0x18 /opt/devkitpro/libctru/lib/libctru.a(synchronization.o)
                0x0000000000104e24                LightLock_Init
 .text.LightLock_Lock
                0x0000000000104e3c       0x9c /opt/devkitpro/libctru/lib/libctru.a(synchronization.o)
                0x0000000000104e3c                LightLock_Lock
 .text.LightLock_TryLock
                0x0000000000104ed8       0x34 /opt/devkitpro/libctru/lib/libctru.a(synchronization.o)
                0x0000000000104ed8                LightLock_TryLock
 .text.LightLock_Unlock
                0x0000000000104f0c       0x20 /opt/devkitpro/libctru/lib/libctru.a(synchronization.o)
                0x0000000000104f0c                LightLock_Unlock
 .text.RecursiveLock_Init
                0x0000000000104f2c       0x24 /opt/devkitpro/libctru/lib/libctru.a(synchronization.o)
                0x0000000000104f2c                RecursiveLock_Init
 .text.RecursiveLock_Lock
                0x0000000000104f50       0x30 /opt/devkitpro/libctru/lib/libctru.a(synchronization.o)
                0x0000000000104f50                RecursiveLock_Lock
 .text.RecursiveLock_TryLock
                0x0000000000104f80       0x58 /opt/devkitpro/libctru/lib/libctru.a(synchronization.o)
                0x0000000000104f80                RecursiveLock_TryLock
 .text.RecursiveLock_Unlock
                0x0000000000104fd8       0x38 /opt/devkitpro/libctru/lib/libctru.a(synchronization.o)
                0x0000000000104fd8                RecursiveLock_Unlock
 .text.LightEvent_Init
                0x0000000000105010       0x38 /opt/devkitpro/libctru/lib/libctru.a(synchronization.o)
                0x0000000000105010                LightEvent_Init
 .text.LightEvent_Clear
                0x0000000000105048       0x7c /opt/devkitpro/libctru/lib/libctru.a(synchronization.o)
                0x0000000000105048                LightEvent_Clear
 .text.LightEvent_Signal
                0x00000000001050c4       0xdc /opt/devkitpro/libctru/lib/libctru.a(synchronization.o)
                0x00000000001050c4                LightEvent_Signal
 .text.LightEvent_Wait
                0x00000000001051a0       0xc0 /opt/devkitpro/libctru/lib/libctru.a(synchronization.o)
                0x00000000001051a0                LightEvent_Wait
 .text.getSysTime
                0x0000000000105260       0x58 /opt/devkitpro/libctru/lib/libctru.a(os.o)
 .text.__ctru_speedup_config.part.0
                0x00000000001052b8       0x28 /opt/devkitpro/libctru/lib/libctru.a(os.o)
 .text.osGetMemRegionUsed
                0x00000000001052e0       0x24 /opt/devkitpro/libctru/lib/libctru.a(os.o)
                0x00000000001052e0                osGetMemRegionUsed
 *fill*         0x0000000000105304        0x4 
 .text.__libctru_gtod
                0x0000000000105308      0x128 /opt/devkitpro/libctru/lib/libctru.a(os.o)
                0x0000000000105308                __libctru_gtod
 .text.__ctru_speedup_config
                0x0000000000105430       0x18 /opt/devkitpro/libctru/lib/libctru.a(os.o)
                0x0000000000105430                __ctru_speedup_config
 .text.srvExit  0x0000000000105448       0x58 /opt/devkitpro/libctru/lib/libctru.a(srv.o)
                0x0000000000105448                srvExit
 .text.srvRegisterClient
                0x00000000001054a0       0x38 /opt/devkitpro/libctru/lib/libctru.a(srv.o)
                0x00000000001054a0                srvRegisterClient
 .text.srvInit  0x00000000001054d8       0xc8 /opt/devkitpro/libctru/lib/libctru.a(srv.o)
                0x00000000001054d8                srvInit
 .text.srvGetServiceHandleDirect
                0x00000000001055a0       0x80 /opt/devkitpro/libctru/lib/libctru.a(srv.o)
                0x00000000001055a0                srvGetServiceHandleDirect
 .text.srvGetServiceHandle
                0x0000000000105620       0x38 /opt/devkitpro/libctru/lib/libctru.a(srv.o)
                0x0000000000105620                srvGetServiceHandle
 .text.threadFree.part.0
                0x0000000000105658       0x1c /opt/devkitpro/libctru/lib/libctru.a(thread.o)
 .text.threadCreate
                0x0000000000105674      0x194 /opt/devkitpro/libctru/lib/libctru.a(thread.o)
                0x0000000000105674                threadCreate
 .text.threadJoin
                0x0000000000105808       0x24 /opt/devkitpro/libctru/lib/libctru.a(thread.o)
                0x0000000000105808                threadJoin
 .text.threadExit
                0x000000000010582c       0x68 /opt/devkitpro/libctru/lib/libctru.a(thread.o)
                0x000000000010582c                threadExit
 .text._thread_begin
                0x0000000000105894       0x48 /opt/devkitpro/libctru/lib/libctru.a(thread.o)
 .text.irrstScanInput
                0x00000000001058dc       0xac /opt/devkitpro/libctru/lib/libctru.a(irrst.o)
                0x00000000001058dc                irrstScanInput
 .text.irrstKeysHeld
                0x0000000000105988       0x24 /opt/devkitpro/libctru/lib/libctru.a(irrst.o)
                0x0000000000105988                irrstKeysHeld
 .text.IRRST_GetHandles
                0x00000000001059ac       0x50 /opt/devkitpro/libctru/lib/libctru.a(irrst.o)
                0x00000000001059ac                IRRST_GetHandles
 .text.irrstInit
                0x00000000001059fc      0x154 /opt/devkitpro/libctru/lib/libctru.a(irrst.o)
                0x00000000001059fc                irrstInit
 .text.IRRST_Shutdown
                0x0000000000105b50       0x2c /opt/devkitpro/libctru/lib/libctru.a(irrst.o)
                0x0000000000105b50                IRRST_Shutdown
 .text.irrstExit
                0x0000000000105b7c       0xac /opt/devkitpro/libctru/lib/libctru.a(irrst.o)
                0x0000000000105b7c                irrstExit
 .text.srvPmGetSessionHandle
                0x0000000000105c28        0xc /opt/devkitpro/libctru/lib/libctru.a(srvpm.o)
                0x0000000000105c28                srvPmGetSessionHandle
 .text.ptmSysmInit
                0x0000000000105c34       0x74 /opt/devkitpro/libctru/lib/libctru.a(ptmsysm.o)
                0x0000000000105c34                ptmSysmInit
 .text.ptmSysmExit
                0x0000000000105ca8       0x3c /opt/devkitpro/libctru/lib/libctru.a(ptmsysm.o)
                0x0000000000105ca8                ptmSysmExit
 .text.PTMSYSM_ConfigureNew3DSCPU
                0x0000000000105ce4       0x34 /opt/devkitpro/libctru/lib/libctru.a(ptmsysm.o)
                0x0000000000105ce4                PTMSYSM_ConfigureNew3DSCPU
 .text.rbtree_init
                0x0000000000105d18       0x14 /opt/devkitpro/libctru/lib/libctru.a(rbtree_init.o)
                0x0000000000105d18                rbtree_init
 .text.do_insert
                0x0000000000105d2c      0x18c /opt/devkitpro/libctru/lib/libctru.a(rbtree_insert.o)
 .text.rbtree_insert
                0x0000000000105eb8        0x8 /opt/devkitpro/libctru/lib/libctru.a(rbtree_insert.o)
                0x0000000000105eb8                rbtree_insert
 .text.rbtree_rotate
                0x0000000000105ec0       0x90 /opt/devkitpro/libctru/lib/libctru.a(rbtree_rotate.o)
                0x0000000000105ec0                rbtree_rotate
 .text.rbtree_remove
                0x0000000000105f50      0x330 /opt/devkitpro/libctru/lib/libctru.a(rbtree_remove.o)
                0x0000000000105f50                rbtree_remove
 .text.rbtree_find
                0x0000000000106280       0x74 /opt/devkitpro/libctru/lib/libctru.a(rbtree_find.o)
                0x0000000000106280                rbtree_find
 .text.__appInit
                0x00000000001062f4       0x1c /opt/devkitpro/libctru/lib/libctru.a(appInit.o)
                0x00000000001062f4                __appInit
 .text.__appExit
                0x0000000000106310       0x1c /opt/devkitpro/libctru/lib/libctru.a(appExit.o)
                0x0000000000106310                __appExit
 .text.__libctru_exit
                0x000000000010632c       0xa0 /opt/devkitpro/libctru/lib/libctru.a(ctru_exit.o)
                0x000000000010632c                __libctru_exit
 .text.envGetHandle
                0x00000000001063cc       0x80 /opt/devkitpro/libctru/lib/libctru.a(env.o)
                0x00000000001063cc                envGetHandle
 .text.envDestroyHandles
                0x000000000010644c       0x4c /opt/devkitpro/libctru/lib/libctru.a(env.o)
                0x000000000010644c                envDestroyHandles
 .text.sdmc_link
                0x0000000000106498       0x10 /opt/devkitpro/libctru/lib/libctru.a(sdmc_dev.o)
 .text.sdmc_dirreset
                0x00000000001064a8       0x10 /opt/devkitpro/libctru/lib/libctru.a(sdmc_dev.o)
 .text.sdmc_chmod
                0x00000000001064b8       0x10 /opt/devkitpro/libctru/lib/libctru.a(sdmc_dev.o)
 .text.error_cmp
                0x00000000001064c8       0x24 /opt/devkitpro/libctru/lib/libctru.a(sdmc_dev.o)
 .text.sdmc_translate_error
                0x00000000001064ec       0x50 /opt/devkitpro/libctru/lib/libctru.a(sdmc_dev.o)
 .text.sdmc_fsync
                0x000000000010653c       0x34 /opt/devkitpro/libctru/lib/libctru.a(sdmc_dev.o)
 .text.sdmc_ftruncate
                0x0000000000106570       0x54 /opt/devkitpro/libctru/lib/libctru.a(sdmc_dev.o)
 .text.sdmc_statvfs
                0x00000000001065c4       0xb8 /opt/devkitpro/libctru/lib/libctru.a(sdmc_dev.o)
 .text.sdmc_dirclose
                0x000000000010667c       0x38 /opt/devkitpro/libctru/lib/libctru.a(sdmc_dev.o)
 .text.sdmc_dirnext
                0x00000000001066b4      0x12c /opt/devkitpro/libctru/lib/libctru.a(sdmc_dev.o)
 .text.sdmc_close
                0x00000000001067e0       0x34 /opt/devkitpro/libctru/lib/libctru.a(sdmc_dev.o)
 .text.sdmc_fstat
                0x0000000000106814       0x74 /opt/devkitpro/libctru/lib/libctru.a(sdmc_dev.o)
 .text.sdmc_seek
                0x0000000000106888       0xd8 /opt/devkitpro/libctru/lib/libctru.a(sdmc_dev.o)
 .text.sdmc_read
                0x0000000000106960       0x84 /opt/devkitpro/libctru/lib/libctru.a(sdmc_dev.o)
 .text.sdmc_write
                0x00000000001069e4       0xc0 /opt/devkitpro/libctru/lib/libctru.a(sdmc_dev.o)
 .text.sdmc_utf16path
                0x0000000000106aa4      0x1b0 /opt/devkitpro/libctru/lib/libctru.a(sdmc_dev.o)
 .text.sdmc_rmdir
                0x0000000000106c54       0x74 /opt/devkitpro/libctru/lib/libctru.a(sdmc_dev.o)
 .text.sdmc_diropen
                0x0000000000106cc8       0xa4 /opt/devkitpro/libctru/lib/libctru.a(sdmc_dev.o)
 .text.sdmc_chdir
                0x0000000000106d6c       0xb0 /opt/devkitpro/libctru/lib/libctru.a(sdmc_dev.o)
 .text.sdmc_mkdir
                0x0000000000106e1c       0x94 /opt/devkitpro/libctru/lib/libctru.a(sdmc_dev.o)
 .text.sdmc_rename
                0x0000000000106eb0      0x108 /opt/devkitpro/libctru/lib/libctru.a(sdmc_dev.o)
 .text.sdmc_unlink
                0x0000000000106fb8       0x74 /opt/devkitpro/libctru/lib/libctru.a(sdmc_dev.o)
 .text.sdmc_stat
                0x000000000010702c      0x108 /opt/devkitpro/libctru/lib/libctru.a(sdmc_dev.o)
 .text.sdmc_open
                0x0000000000107134      0x198 /opt/devkitpro/libctru/lib/libctru.a(sdmc_dev.o)
 .text.sdmc_fchmod
                0x00000000001072cc       0x10 /opt/devkitpro/libctru/lib/libctru.a(sdmc_dev.o)
 .text.sdmcInit
                0x00000000001072dc      0x168 /opt/devkitpro/libctru/lib/libctru.a(sdmc_dev.o)
                0x00000000001072dc                sdmcInit
 .text.sdmcExit
                0x0000000000107444       0x60 /opt/devkitpro/libctru/lib/libctru.a(sdmc_dev.o)
                0x0000000000107444                sdmcExit
 .text.fsSessionForArchive.part.0
                0x00000000001074a4       0x28 /opt/devkitpro/libctru/lib/libctru.a(fs.o)
 .text.fsInit   0x00000000001074cc       0xc4 /opt/devkitpro/libctru/lib/libctru.a(fs.o)
                0x00000000001074cc                fsInit
 .text.fsExit   0x0000000000107590       0x3c /opt/devkitpro/libctru/lib/libctru.a(fs.o)
                0x0000000000107590                fsExit
 .text.fsExemptFromSession
                0x00000000001075cc       0x64 /opt/devkitpro/libctru/lib/libctru.a(fs.o)
                0x00000000001075cc                fsExemptFromSession
 .text.fsUnexemptFromSession
                0x0000000000107630       0x54 /opt/devkitpro/libctru/lib/libctru.a(fs.o)
                0x0000000000107630                fsUnexemptFromSession
 .text.FSUSER_OpenFile
                0x0000000000107684       0xbc /opt/devkitpro/libctru/lib/libctru.a(fs.o)
                0x0000000000107684                FSUSER_OpenFile
 .text.FSUSER_DeleteFile
                0x0000000000107740       0xa4 /opt/devkitpro/libctru/lib/libctru.a(fs.o)
                0x0000000000107740                FSUSER_DeleteFile
 .text.FSUSER_RenameFile
                0x00000000001077e4       0xdc /opt/devkitpro/libctru/lib/libctru.a(fs.o)
                0x00000000001077e4                FSUSER_RenameFile
 .text.FSUSER_DeleteDirectory
                0x00000000001078c0       0xa4 /opt/devkitpro/libctru/lib/libctru.a(fs.o)
                0x00000000001078c0                FSUSER_DeleteDirectory
 .text.FSUSER_CreateFile
                0x0000000000107964       0xbc /opt/devkitpro/libctru/lib/libctru.a(fs.o)
                0x0000000000107964                FSUSER_CreateFile
 .text.FSUSER_CreateDirectory
                0x0000000000107a20       0xac /opt/devkitpro/libctru/lib/libctru.a(fs.o)
                0x0000000000107a20                FSUSER_CreateDirectory
 .text.FSUSER_RenameDirectory
                0x0000000000107acc       0xdc /opt/devkitpro/libctru/lib/libctru.a(fs.o)
                0x0000000000107acc                FSUSER_RenameDirectory
 .text.FSUSER_OpenDirectory
                0x0000000000107ba8       0xa0 /opt/devkitpro/libctru/lib/libctru.a(fs.o)
                0x0000000000107ba8                FSUSER_OpenDirectory
 .text.FSUSER_OpenArchive
                0x0000000000107c48       0x98 /opt/devkitpro/libctru/lib/libctru.a(fs.o)
                0x0000000000107c48                FSUSER_OpenArchive
 .text.FSUSER_CloseArchive
                0x0000000000107ce0       0x70 /opt/devkitpro/libctru/lib/libctru.a(fs.o)
                0x0000000000107ce0                FSUSER_CloseArchive
 .text.FSUSER_GetSdmcArchiveResource
                0x0000000000107d50       0x78 /opt/devkitpro/libctru/lib/libctru.a(fs.o)
                0x0000000000107d50                FSUSER_GetSdmcArchiveResource
 .text.FSUSER_IsSdmcWritable
                0x0000000000107dc8       0x64 /opt/devkitpro/libctru/lib/libctru.a(fs.o)
                0x0000000000107dc8                FSUSER_IsSdmcWritable
 .text.FSFILE_Read
                0x0000000000107e2c       0x58 /opt/devkitpro/libctru/lib/libctru.a(fs.o)
                0x0000000000107e2c                FSFILE_Read
 .text.FSFILE_Write
                0x0000000000107e84       0x64 /opt/devkitpro/libctru/lib/libctru.a(fs.o)
                0x0000000000107e84                FSFILE_Write
 .text.FSFILE_GetSize
                0x0000000000107ee8       0x38 /opt/devkitpro/libctru/lib/libctru.a(fs.o)
                0x0000000000107ee8                FSFILE_GetSize
 .text.FSFILE_SetSize
                0x0000000000107f20       0x28 /opt/devkitpro/libctru/lib/libctru.a(fs.o)
                0x0000000000107f20                FSFILE_SetSize
 .text.FSFILE_Close
                0x0000000000107f48       0x3c /opt/devkitpro/libctru/lib/libctru.a(fs.o)
                0x0000000000107f48                FSFILE_Close
 .text.FSFILE_Flush
                0x0000000000107f84       0x24 /opt/devkitpro/libctru/lib/libctru.a(fs.o)
                0x0000000000107f84                FSFILE_Flush
 .text.FSDIR_Read
                0x0000000000107fa8       0x54 /opt/devkitpro/libctru/lib/libctru.a(fs.o)
                0x0000000000107fa8                FSDIR_Read
 .text.FSDIR_Close
                0x0000000000107ffc       0x3c /opt/devkitpro/libctru/lib/libctru.a(fs.o)
                0x0000000000107ffc                FSDIR_Close
 .text.rbtree_node_next
                0x0000000000108038       0x78 /opt/devkitpro/libctru/lib/libctru.a(rbtree_iterator.o)
                0x0000000000108038                rbtree_node_next
 .text.utf8_to_utf16
                0x00000000001080b0       0xc0 /opt/devkitpro/libctru/lib/libctru.a(utf8_to_utf16.o)
                0x00000000001080b0                utf8_to_utf16
 .text.decode_utf8
                0x0000000000108170      0x138 /opt/devkitpro/libctru/lib/libctru.a(decode_utf8.o)
                0x0000000000108170                decode_utf8
 .text.utf16_to_utf8
                0x00000000001082a8       0xe8 /opt/devkitpro/libctru/lib/libctru.a(utf16_to_utf8.o)
                0x00000000001082a8                utf16_to_utf8
 .text.__aeabi_read_tp
                0x0000000000108390        0xc /opt/devkitpro/libctru/lib/libctru.a(readtp.o)
                0x0000000000108390                __aeabi_read_tp
 .text.encode_utf16
                0x000000000010839c       0x68 /opt/devkitpro/libctru/lib/libctru.a(encode_utf16.o)
                0x000000000010839c                encode_utf16
 .text.encode_utf8
                0x0000000000108404      0x104 /opt/devkitpro/libctru/lib/libctru.a(encode_utf8.o)
                0x0000000000108404                encode_utf8
 .text.decode_utf16
                0x0000000000108508       0x60 /opt/devkitpro/libctru/lib/libctru.a(decode_utf16.o)
                0x0000000000108508                decode_utf16
 .text.__fixdfdi
                0x0000000000108568       0x2c /opt/devkitpro/devkitARM/lib/gcc/arm-none-eabi/8.1.0/armv6k/fpu/libgcc.a(_fixdfdi.o)
                0x0000000000108568                __aeabi_d2lz
                0x0000000000108568                __fixdfdi
 *fill*         0x0000000000108594        0x4 
 .text.__fixunsdfdi
                0x0000000000108598       0x40 /opt/devkitpro/devkitARM/lib/gcc/arm-none-eabi/8.1.0/armv6k/fpu/libgcc.a(_fixunsdfdi.o)
                0x0000000000108598                __aeabi_d2ulz
                0x0000000000108598                __fixunsdfdi
 .text.__udivmoddi4
                0x00000000001085d8      0x128 /opt/devkitpro/devkitARM/lib/gcc/arm-none-eabi/8.1.0/armv6k/fpu/libgcc.a(_udivmoddi4.o)
                0x00000000001085d8                __udivmoddi4
 .text.bsearch  0x0000000000108700       0x7c /opt/devkitpro/devkitARM/lib/gcc/arm-none-eabi/8.1.0/../../../../arm-none-eabi/lib/armv6k/fpu/libg.a(lib_a-bsearch.o)
                0x0000000000108700                bsearch
 .text.__libc_fini_array
                0x000000000010877c       0x40 /opt/devkitpro/devkitARM/lib/gcc/arm-none-eabi/8.1.0/../../../../arm-none-eabi/lib/armv6k/fpu/libg.a(lib_a-fini.o)
                0x000000000010877c                __libc_fini_array
 .text.__libc_init_array
                0x00000000001087bc       0x7c /opt/devkitpro/devkitARM/lib/gcc/arm-none-eabi/8.1.0/../../../../arm-none-eabi/lib/armv6k/fpu/libg.a(lib_a-init.o)
                0x00000000001087bc                __libc_init_array
 .text.memalign
                0x0000000000108838       0x20 /opt/devkitpro/devkitARM/lib/gcc/arm-none-eabi/8.1.0/../../../../arm-none-eabi/lib/armv6k/fpu/libg.a(lib_a-malign.o)
                0x0000000000108838                memalign
 .text._memalign_r
                0x0000000000108858      0x14c /opt/devkitpro/devkitARM/lib/gcc/arm-none-eabi/8.1.0/../../../../arm-none-eabi/lib/armv6k/fpu/libg.a(lib_a-malignr.o)
                0x0000000000108858                _memalign_r
 .text.malloc   0x00000000001089a4       0x18 /opt/devkitpro/devkitARM/lib/gcc/arm-none-eabi/8.1.0/../../../../arm-none-eabi/lib/armv6k/fpu/libg.a(lib_a-malloc.o)
                0x00000000001089a4                malloc
 .text.free     0x00000000001089bc       0x18 /opt/devkitpro/devkitARM/lib/gcc/arm-none-eabi/8.1.0/../../../../arm-none-eabi/lib/armv6k/fpu/libg.a(lib_a-malloc.o)
                0x00000000001089bc                free
 .text._malloc_r
                0x00000000001089d4      0x78c /opt/devkitpro/devkitARM/lib/gcc/arm-none-eabi/8.1.0/../../../../arm-none-eabi/lib/armv6k/fpu/libg.a(lib_a-mallocr.o)
                0x00000000001089d4                _malloc_r
 .text.memchr   0x0000000000109160      0x100 /opt/devkitpro/devkitARM/lib/gcc/arm-none-eabi/8.1.0/../../../../arm-none-eabi/lib/armv6k/fpu/libg.a(lib_a-memchr-stub.o)
                0x0000000000109160                memchr
 .text.memcpy   0x0000000000109260      0x118 /opt/devkitpro/devkitARM/lib/gcc/arm-none-eabi/8.1.0/../../../../arm-none-eabi/lib/armv6k/fpu/libg.a(lib_a-memcpy-stub.o)
                0x0000000000109260                memcpy
 .text.memset   0x0000000000109378      0x114 /opt/devkitpro/devkitARM/lib/gcc/arm-none-eabi/8.1.0/../../../../arm-none-eabi/lib/armv6k/fpu/libg.a(lib_a-memset.o)
                0x0000000000109378                memset
 .text.__malloc_lock
                0x000000000010948c        0xc /opt/devkitpro/devkitARM/lib/gcc/arm-none-eabi/8.1.0/../../../../arm-none-eabi/lib/armv6k/fpu/libg.a(lib_a-mlock.o)
                0x000000000010948c                __malloc_lock
 .text.__malloc_unlock
                0x0000000000109498        0xc /opt/devkitpro/devkitARM/lib/gcc/arm-none-eabi/8.1.0/../../../../arm-none-eabi/lib/armv6k/fpu/libg.a(lib_a-mlock.o)
                0x0000000000109498                __malloc_unlock
 .text.printf   0x00000000001094a4       0x38 /opt/devkitpro/devkitARM/lib/gcc/arm-none-eabi/8.1.0/../../../../arm-none-eabi/lib/armv6k/fpu/libg.a(lib_a-printf.o)
                0x00000000001094a4                printf
 .text._puts_r  0x00000000001094dc       0xe0 /opt/devkitpro/devkitARM/lib/gcc/arm-none-eabi/8.1.0/../../../../arm-none-eabi/lib/armv6k/fpu/libg.a(lib_a-puts.o)
                0x00000000001094dc                _puts_r
 .text.puts     0x00000000001095bc       0x18 /opt/devkitpro/devkitARM/lib/gcc/arm-none-eabi/8.1.0/../../../../arm-none-eabi/lib/armv6k/fpu/libg.a(lib_a-puts.o)
                0x00000000001095bc                puts
 .text.setvbuf  0x00000000001095d4      0x25c /opt/devkitpro/devkitARM/lib/gcc/arm-none-eabi/8.1.0/../../../../arm-none-eabi/lib/armv6k/fpu/libg.a(lib_a-setvbuf.o)
                0x00000000001095d4                setvbuf
 .text.sscanf   0x0000000000109830       0x74 /opt/devkitpro/devkitARM/lib/gcc/arm-none-eabi/8.1.0/../../../../arm-none-eabi/lib/armv6k/fpu/libg.a(lib_a-sscanf.o)
                0x0000000000109830                sscanf
 .text.__sread  0x00000000001098a4       0x3c /opt/devkitpro/devkitARM/lib/gcc/arm-none-eabi/8.1.0/../../../../arm-none-eabi/lib/armv6k/fpu/libg.a(lib_a-stdio.o)
                0x00000000001098a4                __sread
 .text.__seofread
                0x00000000001098e0        0x8 /opt/devkitpro/devkitARM/lib/gcc/arm-none-eabi/8.1.0/../../../../arm-none-eabi/lib/armv6k/fpu/libg.a(lib_a-stdio.o)
                0x00000000001098e0                __seofread
 .text.__swrite
                0x00000000001098e8       0x68 /opt/devkitpro/devkitARM/lib/gcc/arm-none-eabi/8.1.0/../../../../arm-none-eabi/lib/armv6k/fpu/libg.a(lib_a-stdio.o)
                0x00000000001098e8                __swrite
 .text.__sseek  0x0000000000109950       0x48 /opt/devkitpro/devkitARM/lib/gcc/arm-none-eabi/8.1.0/../../../../arm-none-eabi/lib/armv6k/fpu/libg.a(lib_a-stdio.o)
                0x0000000000109950                __sseek
 .text.__sclose
                0x0000000000109998        0x8 /opt/devkitpro/devkitARM/lib/gcc/arm-none-eabi/8.1.0/../../../../arm-none-eabi/lib/armv6k/fpu/libg.a(lib_a-stdio.o)
                0x0000000000109998                __sclose
 .text.strlen   0x00000000001099a0       0x5c /opt/devkitpro/devkitARM/lib/gcc/arm-none-eabi/8.1.0/../../../../arm-none-eabi/lib/armv6k/fpu/libg.a(lib_a-strlen-stub.o)
                0x00000000001099a0                strlen
 .text.strncat  0x00000000001099fc       0x98 /opt/devkitpro/devkitARM/lib/gcc/arm-none-eabi/8.1.0/../../../../arm-none-eabi/lib/armv6k/fpu/libg.a(lib_a-strncat.o)
                0x00000000001099fc                strncat
 .text.strncpy  0x0000000000109a94       0xe0 /opt/devkitpro/devkitARM/lib/gcc/arm-none-eabi/8.1.0/../../../../arm-none-eabi/lib/armv6k/fpu/libg.a(lib_a-strncpy.o)
                0x0000000000109a94                strncpy
 .text.strnlen  0x0000000000109b74       0x5c /opt/devkitpro/devkitARM/lib/gcc/arm-none-eabi/8.1.0/../../../../arm-none-eabi/lib/armv6k/fpu/libg.a(lib_a-strnlen.o)
                0x0000000000109b74                strnlen
 .text.get_arg  0x0000000000109bd0       0x48 /opt/devkitpro/devkitARM/lib/gcc/arm-none-eabi/8.1.0/../../../../arm-none-eabi/lib/armv6k/fpu/libg.a(lib_a-svfscanf.o)
 .text.__ssvfscanf_r
                0x0000000000109c18     0x2b48 /opt/devkitpro/devkitARM/lib/gcc/arm-none-eabi/8.1.0/../../../../arm-none-eabi/lib/armv6k/fpu/libg.a(lib_a-svfscanf.o)
                0x0000000000109c18                __ssvfscanf_r
 .text.__sprint_r
                0x000000000010c760       0x34 /opt/devkitpro/devkitARM/lib/gcc/arm-none-eabi/8.1.0/../../../../arm-none-eabi/lib/armv6k/fpu/libg.a(lib_a-vfiprintf.o)
                0x000000000010c760                __sprint_r
 .text.get_arg  0x000000000010c794      0x630 /opt/devkitpro/devkitARM/lib/gcc/arm-none-eabi/8.1.0/../../../../arm-none-eabi/lib/armv6k/fpu/libg.a(lib_a-vfprintf.o)
 *fill*         0x000000000010cdc4        0x4 
 .text._vfprintf_r
                0x000000000010cdc8     0x3724 /opt/devkitpro/devkitARM/lib/gcc/arm-none-eabi/8.1.0/../../../../arm-none-eabi/lib/armv6k/fpu/libg.a(lib_a-vfprintf.o)
                0x000000000010cdc8                _vfprintf_r
 .text.__sbprintf
                0x00000000001104ec       0xd0 /opt/devkitpro/devkitARM/lib/gcc/arm-none-eabi/8.1.0/../../../../arm-none-eabi/lib/armv6k/fpu/libg.a(lib_a-vfprintf.o)
 .text._wcrtomb_r
                0x00000000001105bc       0xa0 /opt/devkitpro/devkitARM/lib/gcc/arm-none-eabi/8.1.0/../../../../arm-none-eabi/lib/armv6k/fpu/libg.a(lib_a-wcrtomb.o)
                0x00000000001105bc                _wcrtomb_r
 .text._wcsrtombs_r
                0x000000000011065c       0x20 /opt/devkitpro/devkitARM/lib/gcc/arm-none-eabi/8.1.0/../../../../arm-none-eabi/lib/armv6k/fpu/libg.a(lib_a-wcsrtombs.o)
                0x000000000011065c                _wcsrtombs_r
 .text.__swsetup_r
                0x000000000011067c      0x150 /opt/devkitpro/devkitARM/lib/gcc/arm-none-eabi/8.1.0/../../../../arm-none-eabi/lib/armv6k/fpu/libg.a(lib_a-wsetup.o)
                0x000000000011067c                __swsetup_r
 .text.quorem   0x00000000001107cc      0x1c8 /opt/devkitpro/devkitARM/lib/gcc/arm-none-eabi/8.1.0/../../../../arm-none-eabi/lib/armv6k/fpu/libg.a(lib_a-dtoa.o)
 *fill*         0x0000000000110994        0x4 
 .text._dtoa_r  0x0000000000110998     0x12e4 /opt/devkitpro/devkitARM/lib/gcc/arm-none-eabi/8.1.0/../../../../arm-none-eabi/lib/armv6k/fpu/libg.a(lib_a-dtoa.o)
                0x0000000000110998                _dtoa_r
 .text.__sflush_r
                0x0000000000111c7c      0x270 /opt/devkitpro/devkitARM/lib/gcc/arm-none-eabi/8.1.0/../../../../arm-none-eabi/lib/armv6k/fpu/libg.a(lib_a-fflush.o)
                0x0000000000111c7c                __sflush_r
 .text._fflush_r
                0x0000000000111eec       0x94 /opt/devkitpro/devkitARM/lib/gcc/arm-none-eabi/8.1.0/../../../../arm-none-eabi/lib/armv6k/fpu/libg.a(lib_a-fflush.o)
                0x0000000000111eec                _fflush_r
 .text.std      0x0000000000111f80       0x78 /opt/devkitpro/devkitARM/lib/gcc/arm-none-eabi/8.1.0/../../../../arm-none-eabi/lib/armv6k/fpu/libg.a(lib_a-findfp.o)
 .text._cleanup_r
                0x0000000000111ff8        0xc /opt/devkitpro/devkitARM/lib/gcc/arm-none-eabi/8.1.0/../../../../arm-none-eabi/lib/armv6k/fpu/libg.a(lib_a-findfp.o)
                0x0000000000111ff8                _cleanup_r
 .text.__sinit  0x0000000000112004       0x8c /opt/devkitpro/devkitARM/lib/gcc/arm-none-eabi/8.1.0/../../../../arm-none-eabi/lib/armv6k/fpu/libg.a(lib_a-findfp.o)
                0x0000000000112004                __sinit
 .text.__sfp_lock_acquire
                0x0000000000112090        0xc /opt/devkitpro/devkitARM/lib/gcc/arm-none-eabi/8.1.0/../../../../arm-none-eabi/lib/armv6k/fpu/libg.a(lib_a-findfp.o)
                0x0000000000112090                __sfp_lock_acquire
 .text.__sfp_lock_release
                0x000000000011209c        0xc /opt/devkitpro/devkitARM/lib/gcc/arm-none-eabi/8.1.0/../../../../arm-none-eabi/lib/armv6k/fpu/libg.a(lib_a-findfp.o)
                0x000000000011209c                __sfp_lock_release
 .text._malloc_trim_r
                0x00000000001120a8       0xf8 /opt/devkitpro/devkitARM/lib/gcc/arm-none-eabi/8.1.0/../../../../arm-none-eabi/lib/armv6k/fpu/libg.a(lib_a-freer.o)
                0x00000000001120a8                _malloc_trim_r
 .text._free_r  0x00000000001121a0      0x2e4 /opt/devkitpro/devkitARM/lib/gcc/arm-none-eabi/8.1.0/../../../../arm-none-eabi/lib/armv6k/fpu/libg.a(lib_a-freer.o)
                0x00000000001121a0                _free_r
 .text.__sfvwrite_r
                0x0000000000112484      0x4a4 /opt/devkitpro/devkitARM/lib/gcc/arm-none-eabi/8.1.0/../../../../arm-none-eabi/lib/armv6k/fpu/libg.a(lib_a-fvwrite.o)
                0x0000000000112484                __sfvwrite_r
 .text._fwalk_reent
                0x0000000000112928       0x80 /opt/devkitpro/devkitARM/lib/gcc/arm-none-eabi/8.1.0/../../../../arm-none-eabi/lib/armv6k/fpu/libg.a(lib_a-fwalk.o)
                0x0000000000112928                _fwalk_reent
 .text.iswspace
                0x00000000001129a8       0x74 /opt/devkitpro/devkitARM/lib/gcc/arm-none-eabi/8.1.0/../../../../arm-none-eabi/lib/armv6k/fpu/libg.a(lib_a-iswspace.o)
                0x00000000001129a8                iswspace
 .text.__jp2uc  0x0000000000112a1c      0x1e0 /opt/devkitpro/devkitARM/lib/gcc/arm-none-eabi/8.1.0/../../../../arm-none-eabi/lib/armv6k/fpu/libg.a(lib_a-jp2uc.o)
 .text._jp2uc   0x0000000000112bfc       0xc4 /opt/devkitpro/devkitARM/lib/gcc/arm-none-eabi/8.1.0/../../../../arm-none-eabi/lib/armv6k/fpu/libg.a(lib_a-jp2uc.o)
                0x0000000000112bfc                _jp2uc
 .text.__localeconv_l
                0x0000000000112cc0        0x8 /opt/devkitpro/devkitARM/lib/gcc/arm-none-eabi/8.1.0/../../../../arm-none-eabi/lib/armv6k/fpu/libg.a(lib_a-localeconv.o)
                0x0000000000112cc0                __localeconv_l
 .text._localeconv_r
                0x0000000000112cc8       0x24 /opt/devkitpro/devkitARM/lib/gcc/arm-none-eabi/8.1.0/../../../../arm-none-eabi/lib/armv6k/fpu/libg.a(lib_a-localeconv.o)
                0x0000000000112cc8                _localeconv_r
 .text.__locale_mb_cur_max
                0x0000000000112cec       0x24 /opt/devkitpro/devkitARM/lib/gcc/arm-none-eabi/8.1.0/../../../../arm-none-eabi/lib/armv6k/fpu/libg.a(lib_a-locale.o)
                0x0000000000112cec                __locale_mb_cur_max
 .text.__locale_ctype_ptr_l
                0x0000000000112d10        0x8 /opt/devkitpro/devkitARM/lib/gcc/arm-none-eabi/8.1.0/../../../../arm-none-eabi/lib/armv6k/fpu/libg.a(lib_a-locale.o)
                0x0000000000112d10                __locale_ctype_ptr_l
 .text.__locale_ctype_ptr
                0x0000000000112d18       0x24 /opt/devkitpro/devkitARM/lib/gcc/arm-none-eabi/8.1.0/../../../../arm-none-eabi/lib/armv6k/fpu/libg.a(lib_a-locale.o)
                0x0000000000112d18                __locale_ctype_ptr
 .text.__swhatbuf_r
                0x0000000000112d3c       0x94 /opt/devkitpro/devkitARM/lib/gcc/arm-none-eabi/8.1.0/../../../../arm-none-eabi/lib/armv6k/fpu/libg.a(lib_a-makebuf.o)
                0x0000000000112d3c                __swhatbuf_r
 .text.__smakebuf_r
                0x0000000000112dd0       0xf4 /opt/devkitpro/devkitARM/lib/gcc/arm-none-eabi/8.1.0/../../../../arm-none-eabi/lib/armv6k/fpu/libg.a(lib_a-makebuf.o)
                0x0000000000112dd0                __smakebuf_r
 .text._mbrtowc_r
                0x0000000000112ec4       0xb4 /opt/devkitpro/devkitARM/lib/gcc/arm-none-eabi/8.1.0/../../../../arm-none-eabi/lib/armv6k/fpu/libg.a(lib_a-mbrtowc.o)
                0x0000000000112ec4                _mbrtowc_r
 .text.__utf8_mbtowc
                0x0000000000112f78      0x2fc /opt/devkitpro/devkitARM/lib/gcc/arm-none-eabi/8.1.0/../../../../arm-none-eabi/lib/armv6k/fpu/libg.a(lib_a-mbtowc_r.o)
                0x0000000000112f78                __utf8_mbtowc
 .text.memmove  0x0000000000113274      0x154 /opt/devkitpro/devkitARM/lib/gcc/arm-none-eabi/8.1.0/../../../../arm-none-eabi/lib/armv6k/fpu/libg.a(lib_a-memmove.o)
                0x0000000000113274                memmove
 .text._Balloc  0x00000000001133c8       0x88 /opt/devkitpro/devkitARM/lib/gcc/arm-none-eabi/8.1.0/../../../../arm-none-eabi/lib/armv6k/fpu/libg.a(lib_a-mprec.o)
                0x00000000001133c8                _Balloc
 .text._Bfree   0x0000000000113450       0x1c /opt/devkitpro/devkitARM/lib/gcc/arm-none-eabi/8.1.0/../../../../arm-none-eabi/lib/armv6k/fpu/libg.a(lib_a-mprec.o)
                0x0000000000113450                _Bfree
 .text.__multadd
                0x000000000011346c       0xe0 /opt/devkitpro/devkitARM/lib/gcc/arm-none-eabi/8.1.0/../../../../arm-none-eabi/lib/armv6k/fpu/libg.a(lib_a-mprec.o)
                0x000000000011346c                __multadd
 .text.__s2b    0x000000000011354c       0xe4 /opt/devkitpro/devkitARM/lib/gcc/arm-none-eabi/8.1.0/../../../../arm-none-eabi/lib/armv6k/fpu/libg.a(lib_a-mprec.o)
                0x000000000011354c                __s2b
 .text.__hi0bits
                0x0000000000113630       0x58 /opt/devkitpro/devkitARM/lib/gcc/arm-none-eabi/8.1.0/../../../../arm-none-eabi/lib/armv6k/fpu/libg.a(lib_a-mprec.o)
                0x0000000000113630                __hi0bits
 .text.__lo0bits
                0x0000000000113688       0x9c /opt/devkitpro/devkitARM/lib/gcc/arm-none-eabi/8.1.0/../../../../arm-none-eabi/lib/armv6k/fpu/libg.a(lib_a-mprec.o)
                0x0000000000113688                __lo0bits
 .text.__i2b    0x0000000000113724       0x20 /opt/devkitpro/devkitARM/lib/gcc/arm-none-eabi/8.1.0/../../../../arm-none-eabi/lib/armv6k/fpu/libg.a(lib_a-mprec.o)
                0x0000000000113724                __i2b
 .text.__multiply
                0x0000000000113744      0x1c4 /opt/devkitpro/devkitARM/lib/gcc/arm-none-eabi/8.1.0/../../../../arm-none-eabi/lib/armv6k/fpu/libg.a(lib_a-mprec.o)
                0x0000000000113744                __multiply
 .text.__pow5mult
                0x0000000000113908      0x100 /opt/devkitpro/devkitARM/lib/gcc/arm-none-eabi/8.1.0/../../../../arm-none-eabi/lib/armv6k/fpu/libg.a(lib_a-mprec.o)
                0x0000000000113908                __pow5mult
 .text.__lshift
                0x0000000000113a08       0xf4 /opt/devkitpro/devkitARM/lib/gcc/arm-none-eabi/8.1.0/../../../../arm-none-eabi/lib/armv6k/fpu/libg.a(lib_a-mprec.o)
                0x0000000000113a08                __lshift
 .text.__mcmp   0x0000000000113afc       0x5c /opt/devkitpro/devkitARM/lib/gcc/arm-none-eabi/8.1.0/../../../../arm-none-eabi/lib/armv6k/fpu/libg.a(lib_a-mprec.o)
                0x0000000000113afc                __mcmp
 .text.__mdiff  0x0000000000113b58      0x168 /opt/devkitpro/devkitARM/lib/gcc/arm-none-eabi/8.1.0/../../../../arm-none-eabi/lib/armv6k/fpu/libg.a(lib_a-mprec.o)
                0x0000000000113b58                __mdiff
 .text.__ulp    0x0000000000113cc0       0x74 /opt/devkitpro/devkitARM/lib/gcc/arm-none-eabi/8.1.0/../../../../arm-none-eabi/lib/armv6k/fpu/libg.a(lib_a-mprec.o)
                0x0000000000113cc0                __ulp
 .text.__b2d    0x0000000000113d34       0xd4 /opt/devkitpro/devkitARM/lib/gcc/arm-none-eabi/8.1.0/../../../../arm-none-eabi/lib/armv6k/fpu/libg.a(lib_a-mprec.o)
                0x0000000000113d34                __b2d
 .text.__d2b    0x0000000000113e08      0x100 /opt/devkitpro/devkitARM/lib/gcc/arm-none-eabi/8.1.0/../../../../arm-none-eabi/lib/armv6k/fpu/libg.a(lib_a-mprec.o)
                0x0000000000113e08                __d2b
 .text.__ratio  0x0000000000113f08       0x84 /opt/devkitpro/devkitARM/lib/gcc/arm-none-eabi/8.1.0/../../../../arm-none-eabi/lib/armv6k/fpu/libg.a(lib_a-mprec.o)
                0x0000000000113f08                __ratio
 .text.__copybits
                0x0000000000113f8c       0x6c /opt/devkitpro/devkitARM/lib/gcc/arm-none-eabi/8.1.0/../../../../arm-none-eabi/lib/armv6k/fpu/libg.a(lib_a-mprec.o)
                0x0000000000113f8c                __copybits
 .text.__any_on
                0x0000000000113ff8       0x78 /opt/devkitpro/devkitARM/lib/gcc/arm-none-eabi/8.1.0/../../../../arm-none-eabi/lib/armv6k/fpu/libg.a(lib_a-mprec.o)
                0x0000000000113ff8                __any_on
 .text.realloc  0x0000000000114070       0x20 /opt/devkitpro/devkitARM/lib/gcc/arm-none-eabi/8.1.0/../../../../arm-none-eabi/lib/armv6k/fpu/libg.a(lib_a-realloc.o)
                0x0000000000114070                realloc
 .text._realloc_r
                0x0000000000114090      0x4bc /opt/devkitpro/devkitARM/lib/gcc/arm-none-eabi/8.1.0/../../../../arm-none-eabi/lib/armv6k/fpu/libg.a(lib_a-reallocr.o)
                0x0000000000114090                _realloc_r
 .text.__sccl   0x000000000011454c       0xcc /opt/devkitpro/devkitARM/lib/gcc/arm-none-eabi/8.1.0/../../../../arm-none-eabi/lib/armv6k/fpu/libg.a(lib_a-sccl.o)
                0x000000000011454c                __sccl
 .text.nanf     0x0000000000114618        0xc /opt/devkitpro/devkitARM/lib/gcc/arm-none-eabi/8.1.0/../../../../arm-none-eabi/lib/armv6k/fpu/libg.a(lib_a-sf_nan.o)
                0x0000000000114618                nanf
 *fill*         0x0000000000114624        0x4 
 .text.frexp    0x0000000000114628       0xa8 /opt/devkitpro/devkitARM/lib/gcc/arm-none-eabi/8.1.0/../../../../arm-none-eabi/lib/armv6k/fpu/libg.a(lib_a-s_frexp.o)
                0x0000000000114628                frexp
 .text.sprintf  0x00000000001146d0       0x64 /opt/devkitpro/devkitARM/lib/gcc/arm-none-eabi/8.1.0/../../../../arm-none-eabi/lib/armv6k/fpu/libg.a(lib_a-sprintf.o)
                0x00000000001146d0                sprintf
 .text.stpncpy  0x0000000000114734      0x100 /opt/devkitpro/devkitARM/lib/gcc/arm-none-eabi/8.1.0/../../../../arm-none-eabi/lib/armv6k/fpu/libg.a(lib_a-stpncpy.o)
                0x0000000000114734                stpncpy
 .text.strchr   0x0000000000114834      0x180 /opt/devkitpro/devkitARM/lib/gcc/arm-none-eabi/8.1.0/../../../../arm-none-eabi/lib/armv6k/fpu/libg.a(lib_a-strchr.o)
                0x0000000000114834                strchr
 .text.strncmp  0x00000000001149b4      0x10c /opt/devkitpro/devkitARM/lib/gcc/arm-none-eabi/8.1.0/../../../../arm-none-eabi/lib/armv6k/fpu/libg.a(lib_a-strncmp.o)
                0x00000000001149b4                strncmp
 .text.sulp     0x0000000000114ac0       0x54 /opt/devkitpro/devkitARM/lib/gcc/arm-none-eabi/8.1.0/../../../../arm-none-eabi/lib/armv6k/fpu/libg.a(lib_a-strtod.o)
 *fill*         0x0000000000114b14        0x4 
 .text._strtod_l
                0x0000000000114b18     0x1404 /opt/devkitpro/devkitARM/lib/gcc/arm-none-eabi/8.1.0/../../../../arm-none-eabi/lib/armv6k/fpu/libg.a(lib_a-strtod.o)
                0x0000000000114b18                _strtod_l
 .text._strtod_r
                0x0000000000115f1c       0x3c /opt/devkitpro/devkitARM/lib/gcc/arm-none-eabi/8.1.0/../../../../arm-none-eabi/lib/armv6k/fpu/libg.a(lib_a-strtod.o)
                0x0000000000115f1c                _strtod_r
 .text._strtoll_l.isra.0
                0x0000000000115f58      0x260 /opt/devkitpro/devkitARM/lib/gcc/arm-none-eabi/8.1.0/../../../../arm-none-eabi/lib/armv6k/fpu/libg.a(lib_a-strtoll.o)
 .text._strtoll_r
                0x00000000001161b8       0x50 /opt/devkitpro/devkitARM/lib/gcc/arm-none-eabi/8.1.0/../../../../arm-none-eabi/lib/armv6k/fpu/libg.a(lib_a-strtoll.o)
                0x00000000001161b8                _strtoll_r
 .text._strtol_l.isra.0
                0x0000000000116208      0x1b8 /opt/devkitpro/devkitARM/lib/gcc/arm-none-eabi/8.1.0/../../../../arm-none-eabi/lib/armv6k/fpu/libg.a(lib_a-strtol.o)
 .text._strtol_r
                0x00000000001163c0       0x50 /opt/devkitpro/devkitARM/lib/gcc/arm-none-eabi/8.1.0/../../../../arm-none-eabi/lib/armv6k/fpu/libg.a(lib_a-strtol.o)
                0x00000000001163c0                _strtol_r
 .text._strtoull_l.isra.0
                0x0000000000116410      0x260 /opt/devkitpro/devkitARM/lib/gcc/arm-none-eabi/8.1.0/../../../../arm-none-eabi/lib/armv6k/fpu/libg.a(lib_a-strtoull.o)
 .text._strtoull_r
                0x0000000000116670       0x50 /opt/devkitpro/devkitARM/lib/gcc/arm-none-eabi/8.1.0/../../../../arm-none-eabi/lib/armv6k/fpu/libg.a(lib_a-strtoull.o)
                0x0000000000116670                _strtoull_r
 .text._strtoul_l.isra.0
                0x00000000001166c0      0x1cc /opt/devkitpro/devkitARM/lib/gcc/arm-none-eabi/8.1.0/../../../../arm-none-eabi/lib/armv6k/fpu/libg.a(lib_a-strtoul.o)
 .text._strtoul_r
                0x000000000011688c       0x50 /opt/devkitpro/devkitARM/lib/gcc/arm-none-eabi/8.1.0/../../../../arm-none-eabi/lib/armv6k/fpu/libg.a(lib_a-strtoul.o)
                0x000000000011688c                _strtoul_r
 .text.__ssprint_r
                0x00000000001168dc      0x188 /opt/devkitpro/devkitARM/lib/gcc/arm-none-eabi/8.1.0/../../../../arm-none-eabi/lib/armv6k/fpu/libg.a(lib_a-svfiprintf.o)
                0x00000000001168dc                __ssprint_r
 .text._sungetc_r
                0x0000000000116a64       0xe4 /opt/devkitpro/devkitARM/lib/gcc/arm-none-eabi/8.1.0/../../../../arm-none-eabi/lib/armv6k/fpu/libg.a(lib_a-svfiscanf.o)
                0x0000000000116a64                _sungetc_r
 .text.__ssrefill_r
                0x0000000000116b48       0x6c /opt/devkitpro/devkitARM/lib/gcc/arm-none-eabi/8.1.0/../../../../arm-none-eabi/lib/armv6k/fpu/libg.a(lib_a-svfiscanf.o)
                0x0000000000116b48                __ssrefill_r
 .text._sfread_r
                0x0000000000116bb4       0xc8 /opt/devkitpro/devkitARM/lib/gcc/arm-none-eabi/8.1.0/../../../../arm-none-eabi/lib/armv6k/fpu/libg.a(lib_a-svfiscanf.o)
                0x0000000000116bb4                _sfread_r
 .text.get_arg  0x0000000000116c7c      0x630 /opt/devkitpro/devkitARM/lib/gcc/arm-none-eabi/8.1.0/../../../../arm-none-eabi/lib/armv6k/fpu/libg.a(lib_a-svfprintf.o)
 *fill*         0x00000000001172ac        0x4 
 .text._svfprintf_r
                0x00000000001172b0     0x3640 /opt/devkitpro/devkitARM/lib/gcc/arm-none-eabi/8.1.0/../../../../arm-none-eabi/lib/armv6k/fpu/libg.a(lib_a-svfprintf.o)
                0x00000000001172b0                _svfprintf_r
 .text.__submore
                0x000000000011a8f0       0xa4 /opt/devkitpro/devkitARM/lib/gcc/arm-none-eabi/8.1.0/../../../../arm-none-eabi/lib/armv6k/fpu/libg.a(lib_a-ungetc.o)
                0x000000000011a8f0                __submore
 .text._wcsnrtombs_l
                0x000000000011a994      0x184 /opt/devkitpro/devkitARM/lib/gcc/arm-none-eabi/8.1.0/../../../../arm-none-eabi/lib/armv6k/fpu/libg.a(lib_a-wcsnrtombs.o)
                0x000000000011a994                _wcsnrtombs_l
 .text._wcsnrtombs_r
                0x000000000011ab18       0x64 /opt/devkitpro/devkitARM/lib/gcc/arm-none-eabi/8.1.0/../../../../arm-none-eabi/lib/armv6k/fpu/libg.a(lib_a-wcsnrtombs.o)
                0x000000000011ab18                _wcsnrtombs_r
 .text.__utf8_wctomb
                0x000000000011ab7c       0xe8 /opt/devkitpro/devkitARM/lib/gcc/arm-none-eabi/8.1.0/../../../../arm-none-eabi/lib/armv6k/fpu/libg.a(lib_a-wctomb_r.o)
                0x000000000011ab7c                __utf8_wctomb
 .text._calloc_r
                0x000000000011ac64       0x94 /opt/devkitpro/devkitARM/lib/gcc/arm-none-eabi/8.1.0/../../../../arm-none-eabi/lib/armv6k/fpu/libg.a(lib_a-callocr.o)
                0x000000000011ac64                _calloc_r
 .text._fclose_r
                0x000000000011acf8      0x160 /opt/devkitpro/devkitARM/lib/gcc/arm-none-eabi/8.1.0/../../../../arm-none-eabi/lib/armv6k/fpu/libg.a(lib_a-fclose.o)
                0x000000000011acf8                _fclose_r
 .text.rshift   0x000000000011ae58       0xec /opt/devkitpro/devkitARM/lib/gcc/arm-none-eabi/8.1.0/../../../../arm-none-eabi/lib/armv6k/fpu/libg.a(lib_a-gdtoa-gethex.o)
 .text.__gethex
                0x000000000011af44      0x828 /opt/devkitpro/devkitARM/lib/gcc/arm-none-eabi/8.1.0/../../../../arm-none-eabi/lib/armv6k/fpu/libg.a(lib_a-gdtoa-gethex.o)
                0x000000000011af44                __gethex
 .text.__match  0x000000000011b76c       0x60 /opt/devkitpro/devkitARM/lib/gcc/arm-none-eabi/8.1.0/../../../../arm-none-eabi/lib/armv6k/fpu/libg.a(lib_a-gdtoa-hexnan.o)
                0x000000000011b76c                __match
 .text.__hexnan
                0x000000000011b7cc      0x254 /opt/devkitpro/devkitARM/lib/gcc/arm-none-eabi/8.1.0/../../../../arm-none-eabi/lib/armv6k/fpu/libg.a(lib_a-gdtoa-hexnan.o)
                0x000000000011b7cc                __hexnan
 .text.null_write
                0x000000000011ba20        0x8 /opt/devkitpro/devkitARM/lib/gcc/arm-none-eabi/8.1.0/../../../../arm-none-eabi/lib/armv6k/fpu/libsysbase.a(iosupport.o)
 .text.setDefaultDevice
                0x000000000011ba28       0x18 /opt/devkitpro/devkitARM/lib/gcc/arm-none-eabi/8.1.0/../../../../arm-none-eabi/lib/armv6k/fpu/libsysbase.a(iosupport.o)
                0x000000000011ba28                setDefaultDevice
 .text.FindDevice
                0x000000000011ba40       0xcc /opt/devkitpro/devkitARM/lib/gcc/arm-none-eabi/8.1.0/../../../../arm-none-eabi/lib/armv6k/fpu/libsysbase.a(iosupport.o)
                0x000000000011ba40                FindDevice
 .text.RemoveDevice
                0x000000000011bb0c       0x28 /opt/devkitpro/devkitARM/lib/gcc/arm-none-eabi/8.1.0/../../../../arm-none-eabi/lib/armv6k/fpu/libsysbase.a(iosupport.o)
                0x000000000011bb0c                RemoveDevice
 .text.AddDevice
                0x000000000011bb34       0x98 /opt/devkitpro/devkitARM/lib/gcc/arm-none-eabi/8.1.0/../../../../arm-none-eabi/lib/armv6k/fpu/libsysbase.a(iosupport.o)
                0x000000000011bb34                AddDevice
 .text._close_r
                0x000000000011bbcc       0x84 /opt/devkitpro/devkitARM/lib/gcc/arm-none-eabi/8.1.0/../../../../arm-none-eabi/lib/armv6k/fpu/libsysbase.a(close.o)
                0x000000000011bbcc                _close_r
 .text._fstat_r
                0x000000000011bc50       0x74 /opt/devkitpro/devkitARM/lib/gcc/arm-none-eabi/8.1.0/../../../../arm-none-eabi/lib/armv6k/fpu/libsysbase.a(fstat.o)
                0x000000000011bc50                _fstat_r
 .text._isatty_r
                0x000000000011bcc4        0x8 /opt/devkitpro/devkitARM/lib/gcc/arm-none-eabi/8.1.0/../../../../arm-none-eabi/lib/armv6k/fpu/libsysbase.a(isatty.o)
                0x000000000011bcc4                _isatty_r
 .text._lseek_r
                0x000000000011bccc       0x84 /opt/devkitpro/devkitARM/lib/gcc/arm-none-eabi/8.1.0/../../../../arm-none-eabi/lib/armv6k/fpu/libsysbase.a(lseek.o)
                0x000000000011bccc                _lseek_r
 .text._read_r  0x000000000011bd50       0x80 /opt/devkitpro/devkitARM/lib/gcc/arm-none-eabi/8.1.0/../../../../arm-none-eabi/lib/armv6k/fpu/libsysbase.a(read.o)
                0x000000000011bd50                _read_r
 .text._sbrk_r  0x000000000011bdd0       0x70 /opt/devkitpro/devkitARM/lib/gcc/arm-none-eabi/8.1.0/../../../../arm-none-eabi/lib/armv6k/fpu/libsysbase.a(sbrk.o)
                0x000000000011bdd0                _sbrk_r
 .text._write_r
                0x000000000011be40       0x80 /opt/devkitpro/devkitARM/lib/gcc/arm-none-eabi/8.1.0/../../../../arm-none-eabi/lib/armv6k/fpu/libsysbase.a(write.o)
                0x000000000011be40                _write_r
 .text._concatenate_path
                0x000000000011bec0      0x1cc /opt/devkitpro/devkitARM/lib/gcc/arm-none-eabi/8.1.0/../../../../arm-none-eabi/lib/armv6k/fpu/libsysbase.a(chdir.o)
                0x000000000011bec0                _concatenate_path
 .text.chdir    0x000000000011c08c      0x15c /opt/devkitpro/devkitARM/lib/gcc/arm-none-eabi/8.1.0/../../../../arm-none-eabi/lib/armv6k/fpu/libsysbase.a(chdir.o)
                0x000000000011c08c                chdir
 .text.__flockfile
                0x000000000011c1e8        0x8 /opt/devkitpro/devkitARM/lib/gcc/arm-none-eabi/8.1.0/../../../../arm-none-eabi/lib/armv6k/fpu/libsysbase.a(flock.o)
                0x000000000011c1e8                __flockfile
 .text.__funlockfile
                0x000000000011c1f0        0x8 /opt/devkitpro/devkitARM/lib/gcc/arm-none-eabi/8.1.0/../../../../arm-none-eabi/lib/armv6k/fpu/libsysbase.a(flock.o)
                0x000000000011c1f0                __funlockfile
 .text.__libc_lock_acquire
                0x000000000011c1f8       0x18 /opt/devkitpro/devkitARM/lib/gcc/arm-none-eabi/8.1.0/../../../../arm-none-eabi/lib/armv6k/fpu/libsysbase.a(syscall_support.o)
                0x000000000011c1f8                __libc_lock_acquire
 .text.__libc_lock_release
                0x000000000011c210       0x18 /opt/devkitpro/devkitARM/lib/gcc/arm-none-eabi/8.1.0/../../../../arm-none-eabi/lib/armv6k/fpu/libsysbase.a(syscall_support.o)
                0x000000000011c210                __libc_lock_release
 .text.__libc_lock_init_recursive
                0x000000000011c228       0x18 /opt/devkitpro/devkitARM/lib/gcc/arm-none-eabi/8.1.0/../../../../arm-none-eabi/lib/armv6k/fpu/libsysbase.a(syscall_support.o)
                0x000000000011c228                __libc_lock_init_recursive
 .text.__libc_lock_acquire_recursive
                0x000000000011c240       0x18 /opt/devkitpro/devkitARM/lib/gcc/arm-none-eabi/8.1.0/../../../../arm-none-eabi/lib/armv6k/fpu/libsysbase.a(syscall_support.o)
                0x000000000011c240                __libc_lock_acquire_recursive
 .text.__libc_lock_release_recursive
                0x000000000011c258       0x18 /opt/devkitpro/devkitARM/lib/gcc/arm-none-eabi/8.1.0/../../../../arm-none-eabi/lib/armv6k/fpu/libsysbase.a(syscall_support.o)
                0x000000000011c258                __libc_lock_release_recursive
 .text.__libc_lock_close_recursive
                0x000000000011c270       0x18 /opt/devkitpro/devkitARM/lib/gcc/arm-none-eabi/8.1.0/../../../../arm-none-eabi/lib/armv6k/fpu/libsysbase.a(syscall_support.o)
                0x000000000011c270                __libc_lock_close_recursive
 .text.__release_handle
                0x000000000011c288       0x8c /opt/devkitpro/devkitARM/lib/gcc/arm-none-eabi/8.1.0/../../../../arm-none-eabi/lib/armv6k/fpu/libsysbase.a(handle_manager.o)
                0x000000000011c288                __release_handle
 .text.__get_handle
                0x000000000011c314       0x18 /opt/devkitpro/devkitARM/lib/gcc/arm-none-eabi/8.1.0/../../../../arm-none-eabi/lib/armv6k/fpu/libsysbase.a(handle_manager.o)
                0x000000000011c314                __get_handle
 .text.__getreent
                0x000000000011c32c       0x28 /opt/devkitpro/devkitARM/lib/gcc/arm-none-eabi/8.1.0/../../../../arm-none-eabi/lib/armv6k/fpu/libsysbase.a(getreent.o)
                0x000000000011c32c                __getreent
 .text.strrchr  0x000000000011c354       0x44 /opt/devkitpro/devkitARM/lib/gcc/arm-none-eabi/8.1.0/../../../../arm-none-eabi/lib/armv6k/fpu/libg.a(lib_a-strrchr.o)
                0x000000000011c354                strrchr
 *(.glue_7)
 .glue_7        0x000000000011c398        0x0 linker stubs
 *(.glue_7t)
 .glue_7t       0x000000000011c398        0x0 linker stubs
 *(.stub)
 *(.gnu.warning)
 *(.gnu.linkonce.t*)
                0x000000000011c398                . = ALIGN (0x4)
 *(.fini)
 .fini          0x000000000011c398        0xc /opt/devkitpro/devkitARM/lib/gcc/arm-none-eabi/8.1.0/armv6k/fpu/crti.o
                0x000000000011c398                _fini
 .fini          0x000000000011c3a4        0xc /opt/devkitpro/devkitARM/lib/gcc/arm-none-eabi/8.1.0/armv6k/fpu/crtn.o
                0x000000000011c3b0                . = ALIGN (0x4)

.vfp11_veneer   0x000000000011c3b0        0x0
 .vfp11_veneer  0x000000000011c3b0        0x0 linker stubs

.v4_bx          0x000000000011c3b0        0x0
 .v4_bx         0x000000000011c3b0        0x0 linker stubs

.iplt           0x000000000011c3b0        0x0
 .iplt          0x000000000011c3b0        0x0 /opt/devkitpro/devkitARM/lib/gcc/arm-none-eabi/8.1.0/../../../../arm-none-eabi/lib/armv6k/fpu/3dsx_crt0.o
                0x000000000011d000                . = ALIGN (0x1000)

.rodata         0x000000000011d000    0x4ab28
 *(.rodata)
 .rodata        0x000000000011d000    0x46504 Scale.bgr.o
                0x000000000011d000                Scale_bgr
                0x0000000000163500                Scale_bgr_end
                0x0000000000163500                Scale_bgr_size
 .rodata        0x0000000000163504      0x804 /opt/devkitpro/libctru/lib/libctru.a(default_font.bin.o)
                0x0000000000163504                default_font_bin
                0x0000000000163d04                default_font_bin_end
                0x0000000000163d04                default_font_bin_size
 .rodata        0x0000000000163d08        0xc /opt/devkitpro/libctru/lib/libctru.a(sdmc_dev.o)
 *(.roda)
 *(.rodata.*)
 .rodata.str1.4
                0x0000000000163d14       0xba main.o
 *fill*         0x0000000000163dce        0x2 
 .rodata.colorTable
                0x0000000000163dd0       0x30 /opt/devkitpro/libctru/lib/libctru.a(console.o)
 .rodata.con_write.str1.4
                0x0000000000163e00       0x52 /opt/devkitpro/libctru/lib/libctru.a(console.o)
 *fill*         0x0000000000163e52        0x2 
 .rodata.dotab_stdout
                0x0000000000163e54       0x68 /opt/devkitpro/libctru/lib/libctru.a(console.o)
 .rodata.str1.4
                0x0000000000163ebc       0x10 /opt/devkitpro/libctru/lib/libctru.a(console.o)
 .rodata.CSWTCH.56
                0x0000000000163ecc       0x14 /opt/devkitpro/libctru/lib/libctru.a(gfx.o)
 .rodata.framebufferInfoSt
                0x0000000000163ee0        0x8 /opt/devkitpro/libctru/lib/libctru.a(gfx.o)
 .rodata.gspInit.str1.4
                0x0000000000163ee8        0x9 /opt/devkitpro/libctru/lib/libctru.a(gspgpu.o)
 *fill*         0x0000000000163ef1        0x3 
 .rodata.aptSendCommand.str1.4
                0x0000000000163ef4       0x16 /opt/devkitpro/libctru/lib/libctru.a(apt.o)
 *fill*         0x0000000000163f0a        0x2 
 .rodata.hidInit.str1.4
                0x0000000000163f0c       0x15 /opt/devkitpro/libctru/lib/libctru.a(hid.o)
 *fill*         0x0000000000163f21        0x3 
 .rodata.srvInit.str1.4
                0x0000000000163f24        0x5 /opt/devkitpro/libctru/lib/libctru.a(srv.o)
 *fill*         0x0000000000163f29        0x3 
 .rodata.irrstInit.str1.4
                0x0000000000163f2c        0x7 /opt/devkitpro/libctru/lib/libctru.a(irrst.o)
 *fill*         0x0000000000163f33        0x1 
 .rodata.ptmSysmInit.str1.4
                0x0000000000163f34        0x9 /opt/devkitpro/libctru/lib/libctru.a(ptmsysm.o)
 *fill*         0x0000000000163f3d        0x3 
 .rodata.error_table
                0x0000000000163f40       0x30 /opt/devkitpro/libctru/lib/libctru.a(sdmc_dev.o)
 .rodata.sdmcExit.str1.4
                0x0000000000163f70        0x6 /opt/devkitpro/libctru/lib/libctru.a(sdmc_dev.o)
 *fill*         0x0000000000163f76        0x2 
 .rodata.str1.4
                0x0000000000163f78        0x5 /opt/devkitpro/libctru/lib/libctru.a(sdmc_dev.o)
                                          0x9 (size before relaxing)
 *fill*         0x0000000000163f7d        0x3 
 .rodata.fsInit.str1.4
                0x0000000000163f80        0x8 /opt/devkitpro/libctru/lib/libctru.a(fs.o)
 .rodata._puts_r.str1.4
                0x0000000000163f88        0x2 /opt/devkitpro/devkitARM/lib/gcc/arm-none-eabi/8.1.0/../../../../arm-none-eabi/lib/armv6k/fpu/libg.a(lib_a-puts.o)
 .rodata.__ssvfscanf_r.str1.1
                0x0000000000163f8a        0x5 /opt/devkitpro/devkitARM/lib/gcc/arm-none-eabi/8.1.0/../../../../arm-none-eabi/lib/armv6k/fpu/libg.a(lib_a-svfscanf.o)
 *fill*         0x0000000000163f8f        0x1 
 .rodata.basefix.8753
                0x0000000000163f90       0x22 /opt/devkitpro/devkitARM/lib/gcc/arm-none-eabi/8.1.0/../../../../arm-none-eabi/lib/armv6k/fpu/libg.a(lib_a-svfscanf.o)
 .rodata._vfprintf_r.str1.1
                0x0000000000163fb2       0x3b /opt/devkitpro/devkitARM/lib/gcc/arm-none-eabi/8.1.0/../../../../arm-none-eabi/lib/armv6k/fpu/libg.a(lib_a-vfprintf.o)
 *fill*         0x0000000000163fed        0x3 
 .rodata.blanks.8720
                0x0000000000163ff0       0x10 /opt/devkitpro/devkitARM/lib/gcc/arm-none-eabi/8.1.0/../../../../arm-none-eabi/lib/armv6k/fpu/libg.a(lib_a-vfprintf.o)
 .rodata.zeroes.8721
                0x0000000000164000       0x10 /opt/devkitpro/devkitARM/lib/gcc/arm-none-eabi/8.1.0/../../../../arm-none-eabi/lib/armv6k/fpu/libg.a(lib_a-vfprintf.o)
 .rodata._dtoa_r.str1.4
                0x0000000000164010       0x12 /opt/devkitpro/devkitARM/lib/gcc/arm-none-eabi/8.1.0/../../../../arm-none-eabi/lib/armv6k/fpu/libg.a(lib_a-dtoa.o)
 *fill*         0x0000000000164022        0x2 
 .rodata._jp2uc.str1.4
                0x0000000000164024       0x12 /opt/devkitpro/devkitARM/lib/gcc/arm-none-eabi/8.1.0/../../../../arm-none-eabi/lib/armv6k/fpu/libg.a(lib_a-jp2uc.o)
 *fill*         0x0000000000164036        0x2 
 .rodata.a1     0x0000000000164038       0xbc /opt/devkitpro/devkitARM/lib/gcc/arm-none-eabi/8.1.0/../../../../arm-none-eabi/lib/armv6k/fpu/libg.a(lib_a-jp2uc.o)
 .rodata.a2     0x00000000001640f4       0xbc /opt/devkitpro/devkitARM/lib/gcc/arm-none-eabi/8.1.0/../../../../arm-none-eabi/lib/armv6k/fpu/libg.a(lib_a-jp2uc.o)
 .rodata.a3     0x00000000001641b0       0x5b /opt/devkitpro/devkitARM/lib/gcc/arm-none-eabi/8.1.0/../../../../arm-none-eabi/lib/armv6k/fpu/libg.a(lib_a-jp2uc.o)
 *fill*         0x000000000016420b        0x1 
 .rodata.a6     0x000000000016420c       0x70 /opt/devkitpro/devkitARM/lib/gcc/arm-none-eabi/8.1.0/../../../../arm-none-eabi/lib/armv6k/fpu/libg.a(lib_a-jp2uc.o)
 .rodata.a7     0x000000000016427c       0xa2 /opt/devkitpro/devkitARM/lib/gcc/arm-none-eabi/8.1.0/../../../../arm-none-eabi/lib/armv6k/fpu/libg.a(lib_a-jp2uc.o)
 *fill*         0x000000000016431e        0x2 
 .rodata.a8     0x0000000000164320       0x40 /opt/devkitpro/devkitARM/lib/gcc/arm-none-eabi/8.1.0/../../../../arm-none-eabi/lib/armv6k/fpu/libg.a(lib_a-jp2uc.o)
 .rodata.b02cf  0x0000000000164360     0x172a /opt/devkitpro/devkitARM/lib/gcc/arm-none-eabi/8.1.0/../../../../arm-none-eabi/lib/armv6k/fpu/libg.a(lib_a-jp2uc.o)
 *fill*         0x0000000000165a8a        0x2 
 .rodata.d02f4  0x0000000000165a8c     0x1a7c /opt/devkitpro/devkitARM/lib/gcc/arm-none-eabi/8.1.0/../../../../arm-none-eabi/lib/armv6k/fpu/libg.a(lib_a-jp2uc.o)
 .rodata.str1.4
                0x0000000000167508       0x48 /opt/devkitpro/devkitARM/lib/gcc/arm-none-eabi/8.1.0/../../../../arm-none-eabi/lib/armv6k/fpu/libg.a(lib_a-locale.o)
                                         0x4c (size before relaxing)
 .rodata._mbrtowc_r.str1.4
                0x0000000000167550        0x1 /opt/devkitpro/devkitARM/lib/gcc/arm-none-eabi/8.1.0/../../../../arm-none-eabi/lib/armv6k/fpu/libg.a(lib_a-mbrtowc.o)
 .rodata.__mprec_bigtens
                0x0000000000167550       0x28 /opt/devkitpro/devkitARM/lib/gcc/arm-none-eabi/8.1.0/../../../../arm-none-eabi/lib/armv6k/fpu/libg.a(lib_a-mprec.o)
                0x0000000000167550                __mprec_bigtens
 .rodata.__mprec_tens
                0x0000000000167578       0xc8 /opt/devkitpro/devkitARM/lib/gcc/arm-none-eabi/8.1.0/../../../../arm-none-eabi/lib/armv6k/fpu/libg.a(lib_a-mprec.o)
                0x0000000000167578                __mprec_tens
 .rodata.p05.7473
                0x0000000000167640        0xc /opt/devkitpro/devkitARM/lib/gcc/arm-none-eabi/8.1.0/../../../../arm-none-eabi/lib/armv6k/fpu/libg.a(lib_a-mprec.o)
 .rodata._strtod_l.str1.4
                0x000000000016764c        0xf /opt/devkitpro/devkitARM/lib/gcc/arm-none-eabi/8.1.0/../../../../arm-none-eabi/lib/armv6k/fpu/libg.a(lib_a-strtod.o)
 *fill*         0x000000000016765b        0x1 
 .rodata.fpi.7553
                0x000000000016765c       0x14 /opt/devkitpro/devkitARM/lib/gcc/arm-none-eabi/8.1.0/../../../../arm-none-eabi/lib/armv6k/fpu/libg.a(lib_a-strtod.o)
 .rodata.fpinan.7589
                0x0000000000167670       0x14 /opt/devkitpro/devkitARM/lib/gcc/arm-none-eabi/8.1.0/../../../../arm-none-eabi/lib/armv6k/fpu/libg.a(lib_a-strtod.o)
 *fill*         0x0000000000167684        0x4 
 .rodata.tinytens
                0x0000000000167688       0x28 /opt/devkitpro/devkitARM/lib/gcc/arm-none-eabi/8.1.0/../../../../arm-none-eabi/lib/armv6k/fpu/libg.a(lib_a-strtod.o)
 .rodata.__action_table
                0x00000000001676b0       0x6c /opt/devkitpro/devkitARM/lib/gcc/arm-none-eabi/8.1.0/../../../../arm-none-eabi/lib/armv6k/fpu/libg.a(lib_a-svfiprintf.o)
                0x00000000001676b0                __action_table
 .rodata.__chclass
                0x000000000016771c      0x100 /opt/devkitpro/devkitARM/lib/gcc/arm-none-eabi/8.1.0/../../../../arm-none-eabi/lib/armv6k/fpu/libg.a(lib_a-svfiprintf.o)
                0x000000000016771c                __chclass
 .rodata.__state_table
                0x000000000016781c       0x6c /opt/devkitpro/devkitARM/lib/gcc/arm-none-eabi/8.1.0/../../../../arm-none-eabi/lib/armv6k/fpu/libg.a(lib_a-svfiprintf.o)
                0x000000000016781c                __state_table
 .rodata._svfprintf_r.str1.1
                0x0000000000167888       0x3b /opt/devkitpro/devkitARM/lib/gcc/arm-none-eabi/8.1.0/../../../../arm-none-eabi/lib/armv6k/fpu/libg.a(lib_a-svfprintf.o)
 .rodata.blanks.8705
                0x0000000000167888       0x10 /opt/devkitpro/devkitARM/lib/gcc/arm-none-eabi/8.1.0/../../../../arm-none-eabi/lib/armv6k/fpu/libg.a(lib_a-svfprintf.o)
 .rodata.zeroes.8706
                0x0000000000167898       0x10 /opt/devkitpro/devkitARM/lib/gcc/arm-none-eabi/8.1.0/../../../../arm-none-eabi/lib/armv6k/fpu/libg.a(lib_a-svfprintf.o)
 .rodata._ctype_
                0x00000000001678a8      0x101 /opt/devkitpro/devkitARM/lib/gcc/arm-none-eabi/8.1.0/../../../../arm-none-eabi/lib/armv6k/fpu/libg.a(lib_a-ctype_.o)
                0x00000000001678a8                _ctype_
 *fill*         0x00000000001679a9        0x3 
 .rodata.__hexdig
                0x00000000001679ac      0x100 /opt/devkitpro/devkitARM/lib/gcc/arm-none-eabi/8.1.0/../../../../arm-none-eabi/lib/armv6k/fpu/libg.a(lib_a-gdtoa-gethex.o)
                0x00000000001679ac                __hexdig
 .rodata.AddDevice.str1.4
                0x0000000000167aac        0x8 /opt/devkitpro/devkitARM/lib/gcc/arm-none-eabi/8.1.0/../../../../arm-none-eabi/lib/armv6k/fpu/libsysbase.a(iosupport.o)
 .rodata.dotab_stdnull
                0x0000000000167ab4       0x70 /opt/devkitpro/devkitARM/lib/gcc/arm-none-eabi/8.1.0/../../../../arm-none-eabi/lib/armv6k/fpu/libsysbase.a(iosupport.o)
                0x0000000000167ab4                dotab_stdnull
 .rodata.DIRECTORY_PARENT
                0x0000000000167b24        0x3 /opt/devkitpro/devkitARM/lib/gcc/arm-none-eabi/8.1.0/../../../../arm-none-eabi/lib/armv6k/fpu/libsysbase.a(chdir.o)
                0x0000000000167b24                DIRECTORY_PARENT
 *all.rodata*(*)
 *(.gnu.linkonce.r*)
                0x0000000000167b28                . = ALIGN (0x4)
 *fill*         0x0000000000167b27        0x1 

.eh_frame       0x0000000000167b28        0x0
 .eh_frame      0x0000000000167b28        0x0 /opt/devkitpro/devkitARM/lib/gcc/arm-none-eabi/8.1.0/armv6k/fpu/crtbegin.o

.rel.dyn        0x0000000000167b28        0x0
 .rel.iplt      0x0000000000167b28        0x0 /opt/devkitpro/devkitARM/lib/gcc/arm-none-eabi/8.1.0/../../../../arm-none-eabi/lib/armv6k/fpu/3dsx_crt0.o

.ARM.extab
 *(.ARM.extab* .gnu.linkonce.armextab.*)
                0x0000000000167b28                __exidx_start = .

ARM.exidx
 *(.ARM.exidx* .gnu.linkonce.armexidx.*)
                0x0000000000167b28                __exidx_end = .
                0x0000000000168000                . = ALIGN (0x1000)

.data           0x0000000000168000     0x2f4c
 *(.data)
 .data          0x0000000000168000        0x4 /opt/devkitpro/libctru/lib/libctru.a(stack_adjust.o)
                0x0000000000168000                __stacksize__
 *(.data.*)
 .data.currentConsole
                0x0000000000168004        0x4 /opt/devkitpro/libctru/lib/libctru.a(console.o)
                0x0000000000168004                currentConsole
 .data.defaultConsole
                0x0000000000168008       0x4c /opt/devkitpro/libctru/lib/libctru.a(console.o)
                0x0000000000168008                defaultConsole
 .data.firstConsoleInit.8155
                0x0000000000168054        0x1 /opt/devkitpro/libctru/lib/libctru.a(console.o)
 .data.botFormat
                0x0000000000168055        0x1 /opt/devkitpro/libctru/lib/libctru.a(gfx.o)
 *fill*         0x0000000000168056        0x2 
 .data.doubleBuf
                0x0000000000168058        0x8 /opt/devkitpro/libctru/lib/libctru.a(gfx.o)
 .data.topFormat
                0x0000000000168060        0x1 /opt/devkitpro/libctru/lib/libctru.a(gfx.o)
 *fill*         0x0000000000168061        0x3 
 .data.gspLastEvent
                0x0000000000168064        0x4 /opt/devkitpro/libctru/lib/libctru.a(gspgpu.o)
 .data.aptFlags
                0x0000000000168068        0x4 /opt/devkitpro/libctru/lib/libctru.a(apt.o)
 .data.__ctru_linear_heap_size
                0x000000000016806c        0x4 /opt/devkitpro/libctru/lib/libctru.a(allocateHeaps.o)
                0x000000000016806c                __ctru_linear_heap_size
 .data.__cwd    0x0000000000168070      0x401 /opt/devkitpro/libctru/lib/libctru.a(sdmc_dev.o)
 *fill*         0x0000000000168471        0x3 
 .data.sdmc_devoptab
                0x0000000000168474       0x68 /opt/devkitpro/libctru/lib/libctru.a(sdmc_dev.o)
 .data._impure_ptr
                0x00000000001684dc        0x4 /opt/devkitpro/devkitARM/lib/gcc/arm-none-eabi/8.1.0/../../../../arm-none-eabi/lib/armv6k/fpu/libg.a(lib_a-impure.o)
                0x00000000001684dc                _impure_ptr
 .data.impure_data
                0x00000000001684e0      0x460 /opt/devkitpro/devkitARM/lib/gcc/arm-none-eabi/8.1.0/../../../../arm-none-eabi/lib/armv6k/fpu/libg.a(lib_a-impure.o)
 .data.__malloc_av_
                0x0000000000168940      0x408 /opt/devkitpro/devkitARM/lib/gcc/arm-none-eabi/8.1.0/../../../../arm-none-eabi/lib/armv6k/fpu/libg.a(lib_a-mallocr.o)
                0x0000000000168940                __malloc_av_
 .data.__malloc_sbrk_base
                0x0000000000168d48        0x4 /opt/devkitpro/devkitARM/lib/gcc/arm-none-eabi/8.1.0/../../../../arm-none-eabi/lib/armv6k/fpu/libg.a(lib_a-mallocr.o)
                0x0000000000168d48                __malloc_sbrk_base
 .data.__malloc_trim_threshold
                0x0000000000168d4c        0x4 /opt/devkitpro/devkitARM/lib/gcc/arm-none-eabi/8.1.0/../../../../arm-none-eabi/lib/armv6k/fpu/libg.a(lib_a-mallocr.o)
                0x0000000000168d4c                __malloc_trim_threshold
 .data.__malloc_recursive_mutex
                0x0000000000168d50        0xc /opt/devkitpro/devkitARM/lib/gcc/arm-none-eabi/8.1.0/../../../../arm-none-eabi/lib/armv6k/fpu/libg.a(lib_a-mlock.o)
 .data.__sfp_recursive_mutex
                0x0000000000168d5c        0xc /opt/devkitpro/devkitARM/lib/gcc/arm-none-eabi/8.1.0/../../../../arm-none-eabi/lib/armv6k/fpu/libg.a(lib_a-findfp.o)
 .data.__sinit_recursive_mutex
                0x0000000000168d68        0xc /opt/devkitpro/devkitARM/lib/gcc/arm-none-eabi/8.1.0/../../../../arm-none-eabi/lib/armv6k/fpu/libg.a(lib_a-findfp.o)
 .data.__global_locale
                0x0000000000168d74      0x16c /opt/devkitpro/devkitARM/lib/gcc/arm-none-eabi/8.1.0/../../../../arm-none-eabi/lib/armv6k/fpu/libg.a(lib_a-locale.o)
                0x0000000000168d74                __global_locale
 .data.defaultDevice
                0x0000000000168ee0        0x4 /opt/devkitpro/devkitARM/lib/gcc/arm-none-eabi/8.1.0/../../../../arm-none-eabi/lib/armv6k/fpu/libsysbase.a(iosupport.o)
 .data.devoptab_list
                0x0000000000168ee4       0x40 /opt/devkitpro/devkitARM/lib/gcc/arm-none-eabi/8.1.0/../../../../arm-none-eabi/lib/armv6k/fpu/libsysbase.a(iosupport.o)
                0x0000000000168ee4                devoptab_list
 .data._current_working_directory
                0x0000000000168f24     0x1000 /opt/devkitpro/devkitARM/lib/gcc/arm-none-eabi/8.1.0/../../../../arm-none-eabi/lib/armv6k/fpu/libsysbase.a(chdir.o)
 .data.__hndl_lock
                0x0000000000169f24        0x4 /opt/devkitpro/devkitARM/lib/gcc/arm-none-eabi/8.1.0/../../../../arm-none-eabi/lib/armv6k/fpu/libsysbase.a(handle_manager.o)
 .data.__stderr_handle
                0x0000000000169f28        0xc /opt/devkitpro/devkitARM/lib/gcc/arm-none-eabi/8.1.0/../../../../arm-none-eabi/lib/armv6k/fpu/libsysbase.a(handle_manager.o)
 .data.__stdin_handle
                0x0000000000169f34        0xc /opt/devkitpro/devkitARM/lib/gcc/arm-none-eabi/8.1.0/../../../../arm-none-eabi/lib/armv6k/fpu/libsysbase.a(handle_manager.o)
 .data.__stdout_handle
                0x0000000000169f40        0xc /opt/devkitpro/devkitARM/lib/gcc/arm-none-eabi/8.1.0/../../../../arm-none-eabi/lib/armv6k/fpu/libsysbase.a(handle_manager.o)
 .data.handles  0x0000000000169f4c     0x1000 /opt/devkitpro/devkitARM/lib/gcc/arm-none-eabi/8.1.0/../../../../arm-none-eabi/lib/armv6k/fpu/libsysbase.a(handle_manager.o)
 *(.gnu.linkonce.d*)
                0x000000000016af4c                . = ALIGN (0x4)

.igot.plt       0x000000000016af4c        0x0
 .igot.plt      0x000000000016af4c        0x0 /opt/devkitpro/devkitARM/lib/gcc/arm-none-eabi/8.1.0/../../../../arm-none-eabi/lib/armv6k/fpu/3dsx_crt0.o

.tm_clone_table
                0x000000000016af4c        0x0
 .tm_clone_table
                0x000000000016af4c        0x0 /opt/devkitpro/devkitARM/lib/gcc/arm-none-eabi/8.1.0/armv6k/fpu/crtbegin.o
 .tm_clone_table
                0x000000000016af4c        0x0 /opt/devkitpro/devkitARM/lib/gcc/arm-none-eabi/8.1.0/armv6k/fpu/crtend.o
                0x000000000016af4c                __TMC_END__

.tdata          0x000000000016af4c        0x0
                0x000000000016af4c                __tdata_lma = .
 *(.tdata)
 *(.tdata.*)
 *(.gnu.linkonce.td.*)
                0x000000000016af4c                . = ALIGN (0x4)
                0x000000000016af4c                __tdata_lma_end = .

.tbss           0x000000000016af4c     0x140c
 *(.tbss)
 *(.tbss.*)
 .tbss.__fixedpath
                0x000000000016af4c      0x401 /opt/devkitpro/libctru/lib/libctru.a(sdmc_dev.o)
 *fill*         0x000000000016b34d        0x3 
 .tbss.__utf16path
                0x000000000016b350      0x802 /opt/devkitpro/libctru/lib/libctru.a(sdmc_dev.o)
 *fill*         0x000000000016bb52        0x2 
 .tbss.__utf16path_old.8298
                0x000000000016bb54      0x802 /opt/devkitpro/libctru/lib/libctru.a(sdmc_dev.o)
 *(.gnu.linkonce.tb.*)
 *(.tcommon)
                0x000000000016c358                . = ALIGN (0x4)
 *fill*         0x000000000016c356        0x2 

.preinit_array  0x000000000016af4c        0x0
                0x000000000016af4c                PROVIDE (__preinit_array_start = .)
 *(.preinit_array)
                0x000000000016af4c                PROVIDE (__preinit_array_end = .)

.init_array     0x000000000016af4c        0x4
                0x000000000016af4c                PROVIDE (__init_array_start = .)
 *(SORT_BY_NAME(.init_array.*))
 *(.init_array)
 .init_array    0x000000000016af4c        0x4 /opt/devkitpro/devkitARM/lib/gcc/arm-none-eabi/8.1.0/armv6k/fpu/crtbegin.o
                0x000000000016af50                PROVIDE (__init_array_end = .)

.fini_array     0x000000000016af50        0x4
                0x000000000016af50                PROVIDE (__fini_array_start = .)
 *(.fini_array)
 .fini_array    0x000000000016af50        0x4 /opt/devkitpro/devkitARM/lib/gcc/arm-none-eabi/8.1.0/armv6k/fpu/crtbegin.o
 *(SORT_BY_NAME(.fini_array.*))
                0x000000000016af54                PROVIDE (__fini_array_end = .)

.ctors
 *crtbegin.o(.ctors)
 *(EXCLUDE_FILE(*crtend.o) .ctors)